C_ADD_TELEPORT_TO_POS_LIST = 20576
C_ADMIN = 37781
C_ASK_INTERACTIVE = 62696
C_BIND_ITEM_BEGIN_PROGRESS = 26437
C_BIND_ITEM_EXECUTE = 31483
C_BLOCK_USER = 35001
C_CANCEL_CHANGE_USER_APPEARANCE = 42741
C_CANCEL_CONTRACT = 59150
C_CANCEL_SKILL = 35214
C_CAN_LOCKON_TARGET = 21354
C_CHANGE_EQUIP_PRESET = 44496
C_CHANGE_PARTY_MANAGER = 24315
C_CHANGE_PARTY_MEMBER_AUTHORITY = 55722
C_CHANGE_USER_LOBBY_SLOT_ID = 50051
C_CHAT = 57162
C_CHECK_EVENT_MATCHING_LIST_CHECKBOX = 56174
C_CHECK_VERSION = 19900
C_COMMIT_CHANGE_USER_APPEARANCE = 44891
C_COMPLETE_DAILY_EVENT = 53289
C_COMPLETE_EXTRA_EVENT = 43994
C_CREST_APPLY = 43374
C_CREST_APPLY_LIST = 23216
C_DELETE_FRIEND = 20602
C_DELETE_TELEPORT_TO_POS_LIST = 41653
C_DELETE_USER = 24537
C_DEL_ITEM = 35225
C_DIALOG = 35241
C_END_MOVIE = 36981
C_GACHA_TRY = 39343
C_GET_USER_LIST = 44395
C_HIT_USER_PROJECTILE = 62329
C_INVITE_USER_TO_GUILD = 37154
C_ITEM_COLORING_SET_COLOR = 63397
C_LEAVE_PRIVATE_CHANNEL = 23380
C_LOAD_TOPO_FIN = 51081
C_LOGIN_ARBITER = 44906
C_MEET_BOSS_INFO = 48232
C_MERGE_ITEM = 46153
C_NOTIFY_LOCATION_IN_ACTION = 42260
C_NOTIFY_LOCATION_IN_DASH = 63618
C_NOTIMELINE_SKILL = 23181
C_NPC_CONTACT = 26157
C_OP_COMMAND = 48506
C_PARTY_APPLICATION_DENIED = 61382
C_PCBANGINVENTORY_USE_SLOT = 21339
C_PLAYER_FLYING_LOCATION = 50557
C_PLAYER_LOCATION = 33075
C_PONG = 50269
C_PRESS_SKILL = 43885
C_REGISTER_ENCHANT_ITEM = 26434
C_REGISTER_UPGRADE_ITEM = 49999
C_REMOVE_BLOCKED_USER = 50593
C_REPLY_THROUGH_ARBITER_CONTRACT = 43335
C_REQUEST_BOSS_GAGE_INFO = 21522
C_REQUEST_CONTRACT = 57903
C_REQUEST_ENCHANT = 63935
C_REQUEST_GAMESTAT_PING = 43983
C_REQUEST_GUILD_INFO = 52269
C_REQUEST_MY_PARTY_MATCH_INFO = 24848
C_REQUEST_NONDB_ITEM_INFO = 20920
C_REQUEST_PARTY_INFO = 43311
C_REQUEST_PARTY_MATCH_INFO = 45208
C_REQUEST_PARTY_MATCH_INFO_PAGE = 37303
C_REQUEST_PRIVATE_CHANNEL_INFO = 49469
C_REQUEST_RECV_DAILY_TOKEN = 64084
C_REQUEST_UPGRADE = 38876
C_REQUEST_USER_PAPERDOLL_INFO = 44017
C_REQUEST_USER_PAPERDOLL_INFO_WITH_GAMEID = 56487
C_RESET_ALL_DUNGEON = 64562
C_RETURN_TO_LOBBY = 59262
C_REVIVE_NOW = 43227
C_SAVE_CLIENT_ACCOUNT_SETTING = 31392
C_SAVE_CLIENT_USER_SETTING = 34421
C_SELECT_CHANNEL = 25537
C_SELECT_EVENT_MATCHING = 32136
C_SELECT_USER = 44337
C_SET_VISIBLE_RANGE = 39360
C_SHOW_INVEN = 55605
C_SHOW_ITEM_TOOLTIP_EX = 33650
C_SOCIAL = 23505
C_START_COMBO_INSTANT_SKILL = 27360
C_START_ENCHANT = 42921
C_START_INSTANCE_SKILL = 60794
C_START_INSTANCE_SKILL_EX = 63478
C_START_PRODUCE = 59513
C_START_SKILL = 40188
C_START_TARGETED_SKILL = 42693
C_START_UPGRADE = 40420
C_TELEPORT_TO_POS = 23302
C_TELEPORT_TO_VILLAGE = 50510
C_TRADE_BROKER_BUY_IT_NOW = 35487
C_TRADE_BROKER_DEAL_CONFIRM = 64983
C_TRADE_BROKER_REJECT_SUGGEST = 53105
C_TRADE_BROKER_SUGGEST_DEAL = 58540
C_TRADE_BROKER_WAITING_ITEM_LIST_NEW = 28367
C_TRADE_BROKER_WAITING_ITEM_LIST_PAGE = 56942
C_TRY_LOOT_DROPITEM = 46171
C_UNREGISTER_ENCHANT_ITEM = 43457
C_UNREGISTER_UPGRADE_ITEM = 22461
C_USE_ITEM = 57665
C_VISIT_NEW_SECTION = 60080
C_WHISPER = 32553
S_ABNORMALITY_BEGIN = 57070
S_ABNORMALITY_DAMAGE_ABSORB = 29878
S_ABNORMALITY_END = 63626
S_ABNORMALITY_FAIL = 48535
S_ABNORMALITY_REFRESH = 30429
S_ACCEPT_CONTRACT = 49370
S_ACCOMPLISH_ACHIEVEMENT = 28321
S_ACCOUNT_PACKAGE_LIST = 36591
S_ACTION_END = 40828
S_ACTION_STAGE = 22249
S_ADD_BLOCKED_USER = 50805
S_ADMIN_HOLD_CHARACTER = 25512
S_AERO = 23520
S_AIR_REACTION_END = 56600
S_ANSWER_INTERACTIVE = 40896
S_APPLY_TITLE = 25754
S_AVAILABLE_EVENT_MATCHING_LIST = 51027
S_BAN_PARTY = 30268
S_BAN_PARTY_MEMBER = 33627
S_BATTLE_FIELD_ENTRANCE_INFO = 32380
S_BATTLE_FIELD_POINT_STORE_SELL_LIST = 41452
S_BEGIN_THROUGH_ARBITER_CONTRACT = 48404
S_BOSS_GAGE_INFO = 26074
S_CANCEL_CONTRACT = 49437
S_CANNOT_START_SKILL = 64935
S_CANT_FLY_ANYMORE = 42049
S_CAN_LOCKON_TARGET = 38104
S_CHANGE_DESTPOS_PROJECTILE = 37701
S_CHANGE_PARTY_MANAGER = 24274
S_CHANGE_VOICE_USE_QAC = 55915
S_CHAT = 43743
S_CHECK_TO_READY_PARTY = 42378
S_CHECK_TO_READY_PARTY_FIN = 58404
S_CHECK_VERSION = 19901
S_CLEAR_ALL_HOLDED_ABNORMALITY = 60402
S_COLLECTION_PICKEND = 59790
S_COMPLETE_EVENT_MATCHING_QUEST = 64691
S_CREATE_USER = 45102
S_CREATURE_CHANGE_HP = 53285
S_CREATURE_LIFE = 50923
S_CREATURE_ROTATE = 55720
S_CREST_APPLY = 20361
S_CREST_INFO = 34288
S_CREST_MESSAGE = 54303
S_CURRENT_CHANNEL = 23257
S_DEAD_LOCATION = 28003
S_DECREASE_COOLTIME_SKILL = 65413
S_DEFEND_SUCCESS = 56339
S_DESPAWN_BONFIRE = 39627
S_DESPAWN_BUILD_OBJECT = 25069
S_DESPAWN_COLLECTION = 51322
S_DESPAWN_DROPITEM = 57178
S_DESPAWN_NPC = 44194
S_DESPAWN_PROJECTILE = 61876
S_DESPAWN_USER = 20350
S_DIALOG = 47317
S_DUNGEON_CAMERA_SET = 21539
S_DUNGEON_COOL_TIME_LIST = 53925
S_DUNGEON_EVENT_MESSAGE = 23221
S_EACH_SKILL_RESULT = 48688
S_ENABLE_DISABLE_SELLABLE_ITEM_LIST = 26665
S_END_CHANGE_USER_APPEARANCE = 54559
S_END_USER_PROJECTILE = 32428
S_EXIT = 26998
S_FEARMOVE_END = 38863
S_FEARMOVE_STAGE = 58980
S_FIN_INTER_PARTY_MATCH = 37494
S_FONT_SWAP_INFO = 56706
S_FRIEND_LIST = 33569
S_GACHA_END = 34921
S_GACHA_START = 24875
S_GET_USER_GUILD_LOGO = 40234
S_GET_USER_LIST = 22356
S_GRANT_SKILL = 65242
S_GUILD_INFO = 50873
S_GUILD_MEMBER_LIST = 60131
S_GUILD_NAME = 42833
S_GUILD_STORE_SELL_LIST = 50959
S_GUILD_TOWER_INFO = 44392
S_HOLD_ABNORMALITY_ADD = 60775
S_IMAGE_DATA = 34786
S_INSTANT_DASH = 52243
S_INSTANT_MOVE = 31615
S_INVEN = 45903
S_INVEN_CHANGEDSLOT = 29613
S_ITEM_COLORING_BAG = 41780
S_ITEM_CUSTOM_STRING = 37122
S_JOIN_PRIVATE_CHANNEL = 30063
S_LEAVE_PARTY = 35668
S_LEAVE_PARTY_MEMBER = 61230
S_LEAVE_PRIVATE_CHANNEL = 46687
S_LOADING_SCREEN_CONTROL_INFO = 53590
S_LOAD_CLIENT_ACCOUNT_SETTING = 31425
S_LOAD_CLIENT_USER_SETTING = 47636
S_LOAD_TELEPORT_TO_POS_LIST = 61535
S_LOAD_TOPO = 52385
S_LOGIN = 38853
S_LOGIN_ACCOUNT_INFO = 52531
S_LOGOUT_PARTY_MEMBER = 37720
S_MOUNT_VEHICLE = 41076
S_MOUNT_VEHICLE_EX = 54043
S_NOTIFY_TO_FRIENDS_WALK_INTO_SAME_AREA = 41932
S_NPC_LOCATION = 51085
S_NPC_MENU_SELECT = 60666
S_NPC_OCCUPIER_INFO = 44850
S_NPC_STATUS = 59585
S_NPC_TARGET_USER = 39912
S_OPEN_AWESOMIUM_WEB_URL = 48008
S_OTHER_USER_APPLY_PARTY = 60959
S_PARTY_INFO = 64318
S_PARTY_MARKER = 22028
S_PARTY_MATCH_LINK = 63532
S_PARTY_MEMBER_ABNORMAL_ADD = 50782
S_PARTY_MEMBER_ABNORMAL_CLEAR = 43454
S_PARTY_MEMBER_ABNORMAL_DEL = 33931
S_PARTY_MEMBER_ABNORMAL_REFRESH = 42629
S_PARTY_MEMBER_BUFF_UPDATE = 22137
S_PARTY_MEMBER_CHANGE_HP = 42000
S_PARTY_MEMBER_CHANGE_MP = 23699
S_PARTY_MEMBER_INFO = 53117
S_PARTY_MEMBER_INTERVAL_POS_UPDATE = 51327
S_PARTY_MEMBER_LIST = 20705
S_PARTY_MEMBER_STAT_UPDATE = 55983
S_PCBANGINVENTORY_DATALIST = 43054
S_PING = 57485
S_PLAYER_CHANGE_ALL_PROF = 53603
S_PLAYER_CHANGE_EXP = 31658
S_PLAYER_CHANGE_FLIGHT_ENERGY = 31594
S_PLAYER_CHANGE_MP = 36328
S_PLAYER_CHANGE_PROF = 41958
S_PLAYER_CHANGE_STAMINA = 40500
S_PLAYER_STAT_UPDATE = 51012
S_PLAY_MOVIE = 27599
S_POINT_STORE_SELL_LIST = 60366
S_PREPARE_CHANGE_USER_APPEARANCE = 53870
S_PREPARE_EXIT = 29021
S_PREPARE_RETURN_TO_LOBBY = 27735
S_PREPARE_SELECT_CHANNEL = 61218
S_PRIVATE_CHAT = 25185
S_PRODUCE_CRITICAL = 50885
S_QUEST_BALLOON = 64469
S_QUEST_INFO = 59353
S_REGISTER_ENCHANT_ITEM = 49911
S_REGISTER_UPGRADE_ITEM = 48947
S_REJECT_CONTRACT = 61852
S_REPLY_NONDB_ITEM_INFO = 24616
S_REPLY_REQUEST_CONTRACT = 56320
S_REQUEST_CONTRACT = 63103
S_REQUEST_PRIVATE_CHANNEL_INFO = 50380
S_REQUEST_STYLE_SHOP_MARK_PRODUCTLIST = 34281
S_RESPONSE_GAMESTAT_PONG = 32417
S_RESULT_BIDDING_DICE_THROW = 53424
S_RESULT_ITEM_BIDDING = 54190
S_RETURN_TO_LOBBY = 53456
S_SEND_VIP_SYSTEM_INFO = 33436
S_SHOW_AWESOMIUMWEB_SHOP = 39726
S_SHOW_HP = 41476
S_SHOW_PARTY_MATCH_INFO = 53324
S_SHOW_PCBANG_ICON = 63215
S_SHOW_PEGASUS_MAP = 61861
S_SKILL_LIST = 65396
S_SOCIAL = 42293
S_SPAWN_BONFIRE = 36200
S_SPAWN_BUILD_OBJECT = 50963
S_SPAWN_COLLECTION = 30915
S_SPAWN_DOOR = 39836
S_SPAWN_DROPITEM = 46533
S_SPAWN_ME = 35795
S_SPAWN_NPC = 41247
S_SPAWN_PROJECTILE = 58221
S_SPAWN_SHUTTLE = 39583
S_SPAWN_USER = 56664
S_SPAWN_WORKOBJECT = 44130
S_START_ACTION_SCRIPT = 41329
S_START_CHANGE_USER_APPEARANCE = 27620
S_START_COOLTIME_ITEM = 54958
S_START_COOLTIME_SKILL = 46636
S_START_PRODUCE = 43256
S_START_USER_PROJECTILE = 36570
S_STORE_SELL_LIST = 49552
S_SUCCESS_COUNTER = 53355
S_SYSTEM_MESSAGE = 42882
S_SYSTEM_MESSAGE_LOOT_ITEM = 52251
S_SYSTEM_MESSAGE_LOOT_SPECIAL_ITEM = 41451
S_TARGET_INFO = 54209
S_TELEPORT_TO_CAMP = 63710
S_TRADE_BROKER_DEAL_INFO_UPDATE = 29975
S_TRADE_BROKER_DEAL_SUGGESTED = 46436
S_TRADE_BROKER_REQUEST_DEAL_RESULT = 48126
S_TRADE_BROKER_SUGGEST_DEAL = 50365
S_TRADE_BROKER_WAITING_ITEM_LIST = 62491
S_UNICAST_TRANSFORM_DATA = 42708
S_UNMOUNT_VEHICLE = 62164
S_UNMOUNT_VEHICLE_EX = 48406
S_UPDATE_ACHIEVEMENT_PROGRESS = 54078
S_UPDATE_FRIEND_INFO = 53972
S_UPDATE_GUILD_QUEST_STATUS = 64247
S_UPDATE_NPCGUILD = 51477
S_UPDATE_PRODUCE = 23064
S_USER_BLOCK_LIST = 29738
S_USER_EFFECT = 34139
S_USER_EXTERNAL_CHANGE = 20358
S_USER_LEVELUP = 63675
S_USER_LOCATION = 41433
S_USER_LOCATION_IN_ACTION = 53037
S_USER_PAPERDOLL_INFO = 35074
S_USER_SITUATION = 60443
S_USER_STATUS = 50172
S_VILLAGE_LIST_TO_TELEPORT = 54367
S_VISIT_NEW_SECTION = 41338
S_WEAK_POINT = 26676
S_WHISPER = 56647