C_ASK_INTERACTIVE = 59298
C_BIND_ITEM_BEGIN_PROGRESS = 21637
C_BIND_ITEM_EXECUTE = 44302
C_BLOCK_USER = 60403
C_CANCEL_CHANGE_USER_APPEARANCE = 59490
C_CANCEL_CONTRACT = 35636
C_CANCEL_SKILL = 38906
C_CAN_LOCKON_TARGET = 31628
C_CHANGE_PARTY_MANAGER = 59071
C_CHANGE_PARTY_MEMBER_AUTHORITY = 65470
C_CHAT = 39287
C_CHECK_VERSION = 19900
C_COMMIT_CHANGE_USER_APPEARANCE = 48073
C_CREST_APPLY = 56461
C_CREST_APPLY_LIST = 25287
C_DELETE_FRIEND = 65316
C_DIALOG = 55319
C_END_MOVIE = 49318
C_GACHA_TRY = 59751
C_GET_USER_LIST = 61464
C_INVITE_USER_TO_GUILD = 40397
C_LEAVE_PRIVATE_CHANNEL = 53572
C_LOAD_TOPO_FIN = 27842
C_LOGIN_ARBITER = 64213
C_NOTIFY_LOCATION_IN_ACTION = 49969
C_NOTIFY_LOCATION_IN_DASH = 23613
C_NOTIMELINE_SKILL = 50950
C_NPC_CONTACT = 49855
C_PARTY_APPLICATION_DENIED = 36871
C_PCBANGINVENTORY_USE_SLOT = 43565
C_PLAYER_LOCATION = 50821
C_PRESS_SKILL = 20628
C_REGISTER_ENCHANT_ITEM = 54706
C_REGISTER_UPGRADE_ITEM = 25848
C_REMOVE_BLOCKED_USER = 61928
C_REPLY_THROUGH_ARBITER_CONTRACT = 30042
C_REQUEST_CONTRACT = 25955
C_REQUEST_ENCHANT = 30579
C_REQUEST_GAMESTAT_PING = 35984
C_REQUEST_NONDB_ITEM_INFO = 64000
C_REQUEST_PARTY_INFO = 37043
C_REQUEST_PRIVATE_CHANNEL_INFO = 26974
C_REQUEST_UPGRADE = 42571
C_REQUEST_USER_PAPERDOLL_INFO = 38945
C_RESET_ALL_DUNGEON = 45660
C_RETURN_TO_LOBBY = 49299
C_REVIVE_NOW = 26417
C_SAVE_CLIENT_ACCOUNT_SETTING = 60745
C_SAVE_CLIENT_USER_SETTING = 34422
C_SELECT_USER = 23837
C_SHOW_INVEN = 23159
C_SHOW_ITEM_TOOLTIP_EX = 31712
C_SOCIAL = 25005
C_START_COMBO_INSTANT_SKILL = 44025
C_START_ENCHANT = 64364
C_START_INSTANCE_SKILL = 55263
C_START_INSTANCE_SKILL_EX = 58962
C_START_PRODUCE = 21116
C_START_SKILL = 33821
C_START_TARGETED_SKILL = 44276
C_START_UPGRADE = 54672
C_TRADE_BROKER_BUY_IT_NOW = 35960
C_TRADE_BROKER_DEAL_CONFIRM = 47436
C_TRADE_BROKER_REJECT_SUGGEST = 26196
C_TRADE_BROKER_SUGGEST_DEAL = 65488
C_TRADE_BROKER_WAITING_ITEM_LIST_NEW = 50904
C_TRADE_BROKER_WAITING_ITEM_LIST_PAGE = 48588
C_UNREGISTER_ENCHANT_ITEM = 58486
C_UNREGISTER_UPGRADE_ITEM = 57486
C_USE_ITEM = 37718
C_VISIT_NEW_SECTION = 38167
C_WHISPER = 61114
S_ABNORMALITY_BEGIN = 60733
S_ABNORMALITY_DAMAGE_ABSORB = 35531
S_ABNORMALITY_END = 20697
S_ABNORMALITY_FAIL = 50855
S_ABNORMALITY_REFRESH = 31407
S_ACCEPT_CONTRACT = 43049
S_ACCOMPLISH_ACHIEVEMENT = 62123
S_ACCOUNT_PACKAGE_LIST = 34698
S_ACTION_END = 40786
S_ACTION_STAGE = 61680
S_ADMIN_HOLD_CHARACTER = 57631
S_AERO = 58174
S_ANSWER_INTERACTIVE = 40231
S_AVAILABLE_EVENT_MATCHING_LIST = 24523
S_BAN_PARTY = 33488
S_BAN_PARTY_MEMBER = 40319
S_BATTLE_FIELD_ENTRANCE_INFO = 36874
S_BATTLE_FIELD_POINT_STORE_SELL_LIST = 31085
S_BEGIN_THROUGH_ARBITER_CONTRACT = 61950
S_BOSS_GAGE_INFO = 20792
S_CANCEL_CONTRACT = 48025
S_CANNOT_START_SKILL = 32682
S_CAN_LOCKON_TARGET = 55296
S_CHANGE_DESTPOS_PROJECTILE = 58119
S_CHANGE_PARTY_MANAGER = 33100
S_CHANGE_VOICE_USE_QAC = 38870
S_CHAT = 61810
S_CHECK_TO_READY_PARTY = 31015
S_CHECK_TO_READY_PARTY_FIN = 53409
S_CLEAR_ALL_HOLDED_ABNORMALITY = 39457
S_COLLECTION_PICKEND = 59458
S_CREATURE_CHANGE_HP = 57813
S_CREATURE_LIFE = 50378
S_CREATURE_ROTATE = 25317
S_CREST_APPLY = 46860
S_CREST_INFO = 33439
S_CREST_MESSAGE = 47448
S_DEAD_LOCATION = 54527
S_DECREASE_COOLTIME_SKILL = 36352
S_DEFEND_SUCCESS = 42716
S_DESPAWN_COLLECTION = 49887
S_DESPAWN_NPC = 44250
S_DESPAWN_USER = 42452
S_DIALOG = 43528
S_DUNGEON_COOL_TIME_LIST = 29017
S_DUNGEON_EVENT_MESSAGE = 50941
S_EACH_SKILL_RESULT = 22122
S_ENABLE_DISABLE_SELLABLE_ITEM_LIST = 21165
S_END_CHANGE_USER_APPEARANCE = 35717
S_EXIT = 50665
S_FEARMOVE_END = 29475
S_FEARMOVE_STAGE = 56257
S_FIN_INTER_PARTY_MATCH = 62193
S_FONT_SWAP_INFO = 31573
S_FRIEND_LIST = 62820
S_GACHA_END = 62976
S_GACHA_START = 63056
S_GET_USER_GUILD_LOGO = 32758
S_GET_USER_LIST = 62668
S_GRANT_SKILL = 37656
S_GUILD_NAME = 44408
S_GUILD_STORE_SELL_LIST = 33036
S_GUILD_TOWER_INFO = 53694
S_HOLD_ABNORMALITY_ADD = 57948
S_IMAGE_DATA = 42992
S_INSTANT_DASH = 53690
S_INSTANT_MOVE = 62261
S_INVEN = 62986
S_INVEN_CHANGEDSLOT = 50522
S_ITEM_CUSTOM_STRING = 65350
S_JOIN_PRIVATE_CHANNEL = 60088
S_LEAVE_PARTY = 38497
S_LEAVE_PARTY_MEMBER = 62246
S_LEAVE_PRIVATE_CHANNEL = 52226
S_LOADING_SCREEN_CONTROL_INFO = 52313
S_LOAD_CLIENT_ACCOUNT_SETTING = 64693
S_LOAD_CLIENT_USER_SETTING = 50352
S_LOAD_TOPO = 46134
S_LOGIN = 46879
S_LOGOUT_PARTY_MEMBER = 25665
S_MOUNT_VEHICLE = 27700
S_MOUNT_VEHICLE_EX = 58478
S_NOTIFY_TO_FRIENDS_WALK_INTO_SAME_AREA = 65516
S_NPC_LOCATION = 29982
S_NPC_MENU_SELECT = 43810
S_NPC_OCCUPIER_INFO = 29454
S_NPC_STATUS = 40074
S_NPC_TARGET_USER = 29757
S_OTHER_USER_APPLY_PARTY = 43999
S_PARTY_INFO = 50332
S_PARTY_MATCH_LINK = 54657
S_PARTY_MEMBER_ABNORMAL_ADD = 62805
S_PARTY_MEMBER_ABNORMAL_CLEAR = 27568
S_PARTY_MEMBER_ABNORMAL_DEL = 23179
S_PARTY_MEMBER_ABNORMAL_REFRESH = 26451
S_PARTY_MEMBER_BUFF_UPDATE = 59935
S_PARTY_MEMBER_CHANGE_HP = 25010
S_PARTY_MEMBER_CHANGE_MP = 48243
S_PARTY_MEMBER_INFO = 47762
S_PARTY_MEMBER_INTERVAL_POS_UPDATE = 44769
S_PARTY_MEMBER_LIST = 57263
S_PARTY_MEMBER_STAT_UPDATE = 46222
S_PCBANGINVENTORY_DATALIST = 43445
S_PLAYER_CHANGE_ALL_PROF = 62238
S_PLAYER_CHANGE_EXP = 42263
S_PLAYER_CHANGE_FLIGHT_ENERGY = 55255
S_PLAYER_CHANGE_MP = 40789
S_PLAYER_CHANGE_PROF = 44209
S_PLAYER_CHANGE_STAMINA = 40865
S_PLAYER_STAT_UPDATE = 48607
S_PLAY_MOVIE = 43929
S_POINT_STORE_SELL_LIST = 32385
S_PREPARE_RETURN_TO_LOBBY = 63238
S_PRIVATE_CHAT = 55667
S_PRODUCE_CRITICAL = 58227
S_QUEST_BALLOON = 60568
S_QUEST_INFO = 30988
S_REGISTER_ENCHANT_ITEM = 63430
S_REGISTER_UPGRADE_ITEM = 33443
S_REJECT_CONTRACT = 29828
S_REPLY_REQUEST_CONTRACT = 45941
S_REQUEST_CONTRACT = 49918
S_REQUEST_PRIVATE_CHANNEL_INFO = 56162
S_RESPONSE_GAMESTAT_PONG = 38944
S_RESULT_BIDDING_DICE_THROW = 49194
S_RESULT_ITEM_BIDDING = 57096
S_RETURN_TO_LOBBY = 53885
S_SHOW_HP = 55419
S_SHOW_PEGASUS_MAP = 21387
S_SKILL_LIST = 61269
S_SOCIAL = 33485
S_SPAWN_BONFIRE = 34198
S_SPAWN_COLLECTION = 62584
S_SPAWN_DOOR = 49834
S_SPAWN_DROPITEM = 57006
S_SPAWN_ME = 25979
S_SPAWN_NPC = 61374
S_SPAWN_PROJECTILE = 35968
S_SPAWN_SHUTTLE = 25490
S_SPAWN_USER = 38014
S_SPAWN_WORKOBJECT = 57087
S_START_CHANGE_USER_APPEARANCE = 48397
S_START_COOLTIME_ITEM = 34301
S_START_COOLTIME_SKILL = 27154
S_START_PRODUCE = 21912
S_START_USER_PROJECTILE = 51772
S_STORE_SELL_LIST = 49967
S_SUCCESS_COUNTER = 53286
S_SYSTEM_MESSAGE = 52611
S_SYSTEM_MESSAGE_LOOT_ITEM = 43747
S_SYSTEM_MESSAGE_LOOT_SPECIAL_ITEM = 27543
S_TARGET_INFO = 27919
S_TELEPORT_TO_CAMP = 47709
S_TRADE_BROKER_DEAL_INFO_UPDATE = 40443
S_TRADE_BROKER_DEAL_SUGGESTED = 54253
S_TRADE_BROKER_REQUEST_DEAL_RESULT = 40129
S_TRADE_BROKER_SUGGEST_DEAL = 41820
S_TRADE_BROKER_WAITING_ITEM_LIST = 57498
S_UNICAST_TRANSFORM_DATA = 53336
S_UNMOUNT_VEHICLE = 52150
S_UNMOUNT_VEHICLE_EX = 64682
S_UPDATE_ACHIEVEMENT_PROGRESS = 39475
S_UPDATE_FRIEND_INFO = 49807
S_UPDATE_NPCGUILD = 42784
S_UPDATE_PRODUCE = 51695
S_USER_BLOCK_LIST = 24998
S_USER_EFFECT = 54812
S_USER_EXTERNAL_CHANGE = 63704
S_USER_LEVELUP = 36371
S_USER_LOCATION = 47385
S_USER_LOCATION_IN_ACTION = 52351
S_USER_SITUATION = 49185
S_USER_STATUS = 24122
S_VISIT_NEW_SECTION = 62437
S_WEAK_POINT = 36771
S_WHISPER = 27164
