C_ASK_INTERACTIVE = 32265
C_BIND_ITEM_BEGIN_PROGRESS = 23963
C_BIND_ITEM_EXECUTE = 40596
C_BLOCK_USER = 61715
C_CANCEL_CHANGE_USER_APPEARANCE = 20844
C_CANCEL_CONTRACT = 37639
C_CANCEL_SKILL = 53282
C_CAN_LOCKON_TARGET = 38234
C_CHANGE_PARTY_MANAGER = 48600
C_CHANGE_PARTY_MEMBER_AUTHORITY = 25832
C_CHAT = 41368
C_CHECK_VERSION = 19900
C_COMMIT_CHANGE_USER_APPEARANCE = 64106
C_CREST_APPLY = 28595
C_CREST_APPLY_LIST = 58778
C_DELETE_FRIEND = 48155
C_DIALOG = 61401
C_END_MOVIE = 50010
C_GACHA_TRY = 20075
C_GET_USER_LIST = 47814
C_INVITE_USER_TO_GUILD = 58584
C_LEAVE_PRIVATE_CHANNEL = 65111
C_LOAD_TOPO_FIN = 33768
C_LOGIN_ARBITER = 39134
C_NOTIFY_LOCATION_IN_ACTION = 32075
C_NOTIFY_LOCATION_IN_DASH = 45348
C_NOTIMELINE_SKILL = 34983
C_NPC_CONTACT = 40872
C_PARTY_APPLICATION_DENIED = 33536
C_PCBANGINVENTORY_USE_SLOT = 45008
C_PLAYER_LOCATION = 52519
C_PRESS_SKILL = 23059
C_REGISTER_ENCHANT_ITEM = 56940
C_REGISTER_UPGRADE_ITEM = 32995
C_REMOVE_BLOCKED_USER = 61468
C_REPLY_THROUGH_ARBITER_CONTRACT = 47751
C_REQUEST_CONTRACT = 51406
C_REQUEST_ENCHANT = 20992
C_REQUEST_GAMESTAT_PING = 62019
C_REQUEST_NONDB_ITEM_INFO = 59294
C_REQUEST_PARTY_INFO = 40807
C_REQUEST_PRIVATE_CHANNEL_INFO = 37574
C_REQUEST_UPGRADE = 57835
C_REQUEST_USER_PAPERDOLL_INFO = 31644
C_RESET_ALL_DUNGEON = 44291
C_RETURN_TO_LOBBY = 31492
C_REVIVE_NOW = 62556
C_SAVE_CLIENT_ACCOUNT_SETTING = 29071
C_SAVE_CLIENT_USER_SETTING = 26059
C_SELECT_USER = 45686
C_SHOW_INVEN = 27701
C_SHOW_ITEM_TOOLTIP_EX = 32575
C_SOCIAL = 47267
C_START_COMBO_INSTANT_SKILL = 33683
C_START_ENCHANT = 53118
C_START_INSTANCE_SKILL = 49676
C_START_INSTANCE_SKILL_EX = 34580
C_START_PRODUCE = 33053
C_START_SKILL = 27760
C_START_TARGETED_SKILL = 25422
C_START_UPGRADE = 60992
C_TRADE_BROKER_BUY_IT_NOW = 20041
C_TRADE_BROKER_DEAL_CONFIRM = 36588
C_TRADE_BROKER_REJECT_SUGGEST = 41750
C_TRADE_BROKER_SUGGEST_DEAL = 52980
C_TRADE_BROKER_WAITING_ITEM_LIST_NEW = 24857
C_TRADE_BROKER_WAITING_ITEM_LIST_PAGE = 52536
C_UNREGISTER_ENCHANT_ITEM = 34273
C_UNREGISTER_UPGRADE_ITEM = 58448
C_USE_ITEM = 64318
C_VISIT_NEW_SECTION = 65096
C_WHISPER = 34415
S_ABNORMALITY_BEGIN = 38503
S_ABNORMALITY_DAMAGE_ABSORB = 51768
S_ABNORMALITY_END = 65350
S_ABNORMALITY_FAIL = 50134
S_ABNORMALITY_REFRESH = 57720
S_ACCEPT_CONTRACT = 23993
S_ACCOMPLISH_ACHIEVEMENT = 54870
S_ACCOUNT_PACKAGE_LIST = 54152
S_ACTION_END = 35953
S_ACTION_STAGE = 44365
S_ADMIN_HOLD_CHARACTER = 35597
S_AERO = 39987
S_ANSWER_INTERACTIVE = 47970
S_AVAILABLE_EVENT_MATCHING_LIST = 31269
S_BAN_PARTY = 51876
S_BAN_PARTY_MEMBER = 26383
S_BATTLE_FIELD_ENTRANCE_INFO = 37862
S_BATTLE_FIELD_POINT_STORE_SELL_LIST = 46187
S_BEGIN_THROUGH_ARBITER_CONTRACT = 24110
S_BOSS_GAGE_INFO = 60322
S_CANCEL_CONTRACT = 63615
S_CANNOT_START_SKILL = 45522
S_CAN_LOCKON_TARGET = 26098
S_CHANGE_DESTPOS_PROJECTILE = 23584
S_CHANGE_PARTY_MANAGER = 61568
S_CHANGE_VOICE_USE_QAC = 38822
S_CHAT = 26682
S_CHECK_TO_READY_PARTY = 35919
S_CHECK_TO_READY_PARTY_FIN = 25253
S_CHECK_VERSION = 19901
S_CLEAR_ALL_HOLDED_ABNORMALITY = 49605
S_COLLECTION_PICKEND = 49100
S_CREATURE_CHANGE_HP = 42139
S_CREATURE_LIFE = 34384
S_CREATURE_ROTATE = 50290
S_CREST_APPLY = 52531
S_CREST_INFO = 49096
S_CREST_MESSAGE = 23271
S_CURRENT_CHANNEL = 46541
S_DEAD_LOCATION = 34276
S_DECREASE_COOLTIME_SKILL = 26762
S_DEFEND_SUCCESS = 58145
S_DESPAWN_COLLECTION = 54082
S_DESPAWN_DROPITEM = 28017
S_DESPAWN_NPC = 65363
S_DESPAWN_USER = 38938
S_DIALOG = 55564
S_DUNGEON_COOL_TIME_LIST = 21576
S_DUNGEON_EVENT_MESSAGE = 23897
S_EACH_SKILL_RESULT = 33357
S_ENABLE_DISABLE_SELLABLE_ITEM_LIST = 55319
S_END_CHANGE_USER_APPEARANCE = 54775
S_EXIT = 39598
S_FEARMOVE_END = 29822
S_FEARMOVE_STAGE = 49625
S_FIN_INTER_PARTY_MATCH = 41279
S_FONT_SWAP_INFO = 31054
S_FRIEND_LIST = 37051
S_GACHA_END = 50812
S_GACHA_START = 58619
S_GET_USER_GUILD_LOGO = 62814
S_GET_USER_LIST = 49123
S_GRANT_SKILL = 63686
S_GUILD_NAME = 30379
S_GUILD_STORE_SELL_LIST = 23842
S_GUILD_TOWER_INFO = 61385
S_HOLD_ABNORMALITY_ADD = 59046
S_IMAGE_DATA = 47020
S_INSTANT_DASH = 33782
S_INSTANT_MOVE = 48608
S_INVEN = 24830
S_INVEN_CHANGEDSLOT = 63549
S_ITEM_CUSTOM_STRING = 50040
S_JOIN_PRIVATE_CHANNEL = 34287
S_LEAVE_PARTY = 36949
S_LEAVE_PARTY_MEMBER = 42153
S_LEAVE_PRIVATE_CHANNEL = 53548
S_LOADING_SCREEN_CONTROL_INFO = 22202
S_LOAD_CLIENT_ACCOUNT_SETTING = 47378
S_LOAD_CLIENT_USER_SETTING = 21699
S_LOAD_TOPO = 45901
S_LOGIN = 44583
S_LOGOUT_PARTY_MEMBER = 58503
S_MOUNT_VEHICLE = 62095
S_MOUNT_VEHICLE_EX = 63246
S_NOTIFY_TO_FRIENDS_WALK_INTO_SAME_AREA = 34473
S_NPC_LOCATION = 58727
S_NPC_MENU_SELECT = 24710
S_NPC_OCCUPIER_INFO = 35955
S_NPC_STATUS = 29130
S_NPC_TARGET_USER = 49412
S_OPEN_AWESOMIUM_WEB_URL = 63380
S_OTHER_USER_APPLY_PARTY = 37124
S_PARTY_INFO = 51912
S_PARTY_MATCH_LINK = 25108
S_PARTY_MEMBER_ABNORMAL_ADD = 42662
S_PARTY_MEMBER_ABNORMAL_CLEAR = 29052
S_PARTY_MEMBER_ABNORMAL_DEL = 38976
S_PARTY_MEMBER_ABNORMAL_REFRESH = 56093
S_PARTY_MEMBER_BUFF_UPDATE = 32652
S_PARTY_MEMBER_CHANGE_HP = 45668
S_PARTY_MEMBER_CHANGE_MP = 49906
S_PARTY_MEMBER_INFO = 45408
S_PARTY_MEMBER_INTERVAL_POS_UPDATE = 29367
S_PARTY_MEMBER_LIST = 21306
S_PARTY_MEMBER_STAT_UPDATE = 52260
S_PCBANGINVENTORY_DATALIST = 50051
S_PLAYER_CHANGE_ALL_PROF = 26892
S_PLAYER_CHANGE_EXP = 21222
S_PLAYER_CHANGE_FLIGHT_ENERGY = 21333
S_PLAYER_CHANGE_MP = 41960
S_PLAYER_CHANGE_PROF = 39299
S_PLAYER_CHANGE_STAMINA = 46382
S_PLAYER_STAT_UPDATE = 40641
S_PLAY_MOVIE = 39232
S_POINT_STORE_SELL_LIST = 56075
S_PREPARE_RETURN_TO_LOBBY = 35560
S_PRIVATE_CHAT = 56572
S_PRODUCE_CRITICAL = 23132
S_QUEST_BALLOON = 44246
S_QUEST_INFO = 35105
S_REGISTER_ENCHANT_ITEM = 31624
S_REGISTER_UPGRADE_ITEM = 50145
S_REJECT_CONTRACT = 38731
S_REPLY_REQUEST_CONTRACT = 21161
S_REQUEST_CONTRACT = 31521
S_REQUEST_PRIVATE_CHANNEL_INFO = 29019
S_RESPONSE_GAMESTAT_PONG = 54459
S_RESULT_BIDDING_DICE_THROW = 36430
S_RESULT_ITEM_BIDDING = 41392
S_RETURN_TO_LOBBY = 57142
S_SHOW_HP = 64621
S_SHOW_PCBANG_ICON = 60429
S_SHOW_PEGASUS_MAP = 50458
S_SKILL_LIST = 61216
S_SOCIAL = 33590
S_SPAWN_BONFIRE = 56502
S_SPAWN_COLLECTION = 38932
S_SPAWN_DOOR = 51363
S_SPAWN_DROPITEM = 45152
S_SPAWN_ME = 22322
S_SPAWN_NPC = 40816
S_SPAWN_PROJECTILE = 48746
S_SPAWN_SHUTTLE = 60378
S_SPAWN_USER = 53510
S_SPAWN_WORKOBJECT = 23074
S_START_CHANGE_USER_APPEARANCE = 59720
S_START_COOLTIME_ITEM = 23279
S_START_COOLTIME_SKILL = 54191
S_START_PRODUCE = 37041
S_START_USER_PROJECTILE = 21928
S_STORE_SELL_LIST = 36802
S_SUCCESS_COUNTER = 31756
S_SYSTEM_MESSAGE = 65523
S_SYSTEM_MESSAGE_LOOT_ITEM = 24210
S_SYSTEM_MESSAGE_LOOT_SPECIAL_ITEM = 26982
S_TARGET_INFO = 57685
S_TELEPORT_TO_CAMP = 49541
S_TRADE_BROKER_DEAL_INFO_UPDATE = 59742
S_TRADE_BROKER_DEAL_SUGGESTED = 29736
S_TRADE_BROKER_REQUEST_DEAL_RESULT = 55693
S_TRADE_BROKER_SUGGEST_DEAL = 27503
S_TRADE_BROKER_WAITING_ITEM_LIST = 39317
S_UNICAST_TRANSFORM_DATA = 45614
S_UNMOUNT_VEHICLE = 48294
S_UNMOUNT_VEHICLE_EX = 30765
S_UPDATE_ACHIEVEMENT_PROGRESS = 59808
S_UPDATE_FRIEND_INFO = 33999
S_UPDATE_NPCGUILD = 22426
S_UPDATE_PRODUCE = 28599
S_USER_BLOCK_LIST = 31277
S_USER_EFFECT = 30056
S_USER_EXTERNAL_CHANGE = 35716
S_USER_LEVELUP = 54293
S_USER_LOCATION = 39627
S_USER_LOCATION_IN_ACTION = 56226
S_USER_SITUATION = 42040
S_USER_STATUS = 33203
S_VISIT_NEW_SECTION = 55390
S_WEAK_POINT = 60462
S_WHISPER = 28032
