C_ASK_INTERACTIVE = 30539
C_BIND_ITEM_BEGIN_PROGRESS = 35749
C_BIND_ITEM_EXECUTE = 57633
C_BLOCK_USER = 21133
C_CANCEL_CHANGE_USER_APPEARANCE = 42731
C_CANCEL_CONTRACT = 25511
C_CANCEL_SKILL = 37920
C_CAN_LOCKON_TARGET = 33896
C_CHANGE_PARTY_MANAGER = 28070
C_CHANGE_PARTY_MEMBER_AUTHORITY = 62708
C_CHAT = 65509
C_CHECK_VERSION = 19900
C_COMMIT_CHANGE_USER_APPEARANCE = 23515
C_CREST_APPLY = 24247
C_CREST_APPLY_LIST = 37715
C_DELETE_FRIEND = 49902
C_DIALOG = 61532
C_END_MOVIE = 53755
C_GACHA_TRY = 31591
C_GET_USER_LIST = 38886
C_INVITE_USER_TO_GUILD = 22490
C_LEAVE_PRIVATE_CHANNEL = 34276
C_LOAD_TOPO_FIN = 58662
C_LOGIN_ARBITER = 39776
C_NOTIFY_LOCATION_IN_ACTION = 56157
C_NOTIFY_LOCATION_IN_DASH = 54770
C_NOTIMELINE_SKILL = 43413
C_NPC_CONTACT = 23161
C_PARTY_APPLICATION_DENIED = 62931
C_PCBANGINVENTORY_USE_SLOT = 54953
C_PLAYER_LOCATION = 23070
C_PRESS_SKILL = 60637
C_REGISTER_ENCHANT_ITEM = 62381
C_REGISTER_UPGRADE_ITEM = 23881
C_REMOVE_BLOCKED_USER = 27308
C_REPLY_THROUGH_ARBITER_CONTRACT = 26598
C_REQUEST_CONTRACT = 61926
C_REQUEST_ENCHANT = 22956
C_REQUEST_GAMESTAT_PING = 64105
C_REQUEST_NONDB_ITEM_INFO = 44333
C_REQUEST_PARTY_INFO = 29149
C_REQUEST_PRIVATE_CHANNEL_INFO = 25986
C_REQUEST_UPGRADE = 51316
C_REQUEST_USER_PAPERDOLL_INFO = 22063
C_RESET_ALL_DUNGEON = 40002
C_RETURN_TO_LOBBY = 57493
C_REVIVE_NOW = 44622
C_SAVE_CLIENT_ACCOUNT_SETTING = 32961
C_SAVE_CLIENT_USER_SETTING = 45319
C_SELECT_USER = 31629
C_SHOW_INVEN = 34766
C_SHOW_ITEM_TOOLTIP_EX = 35449
C_SOCIAL = 23717
C_START_COMBO_INSTANT_SKILL = 55247
C_START_ENCHANT = 47527
C_START_INSTANCE_SKILL = 55065
C_START_INSTANCE_SKILL_EX = 32295
C_START_PRODUCE = 42321
C_START_SKILL = 47917
C_START_TARGETED_SKILL = 52910
C_START_UPGRADE = 64003
C_TRADE_BROKER_BUY_IT_NOW = 46840
C_TRADE_BROKER_DEAL_CONFIRM = 47487
C_TRADE_BROKER_REJECT_SUGGEST = 58954
C_TRADE_BROKER_SUGGEST_DEAL = 33702
C_TRADE_BROKER_WAITING_ITEM_LIST_NEW = 58055
C_TRADE_BROKER_WAITING_ITEM_LIST_PAGE = 39937
C_UNREGISTER_ENCHANT_ITEM = 30158
C_UNREGISTER_UPGRADE_ITEM = 60992
C_USE_ITEM = 42386
C_VISIT_NEW_SECTION = 20225
C_WHISPER = 64643
S_ABNORMALITY_BEGIN = 55452
S_ABNORMALITY_DAMAGE_ABSORB = 34690
S_ABNORMALITY_END = 39590
S_ABNORMALITY_FAIL = 47128
S_ABNORMALITY_REFRESH = 32016
S_ACCEPT_CONTRACT = 63075
S_ACCOMPLISH_ACHIEVEMENT = 37470
S_ACCOUNT_PACKAGE_LIST = 20465
S_ACTION_END = 58991
S_ACTION_STAGE = 23709
S_ADMIN_HOLD_CHARACTER = 62813
S_AERO = 28957
S_ANSWER_INTERACTIVE = 38646
S_AVAILABLE_EVENT_MATCHING_LIST = 44394
S_BAN_PARTY = 60432
S_BAN_PARTY_MEMBER = 23240
S_BATTLE_FIELD_ENTRANCE_INFO = 46805
S_BATTLE_FIELD_POINT_STORE_SELL_LIST = 65268
S_BEGIN_THROUGH_ARBITER_CONTRACT = 41540
S_BOSS_GAGE_INFO = 49618
S_CANCEL_CONTRACT = 25014
S_CANNOT_START_SKILL = 25021
S_CAN_LOCKON_TARGET = 24254
S_CHANGE_DESTPOS_PROJECTILE = 38948
S_CHANGE_PARTY_MANAGER = 33742
S_CHANGE_VOICE_USE_QAC = 28887
S_CHAT = 60247
S_CHECK_TO_READY_PARTY = 42927
S_CHECK_TO_READY_PARTY_FIN = 27150
S_CHECK_VERSION = 19901
S_CLEAR_ALL_HOLDED_ABNORMALITY = 31718
S_COLLECTION_PICKEND = 49982
S_CREATURE_CHANGE_HP = 21306
S_CREATURE_LIFE = 46062
S_CREATURE_ROTATE = 38779
S_CREST_APPLY = 38217
S_CREST_INFO = 32642
S_CREST_MESSAGE = 41619
S_CURRENT_CHANNEL = 38159
S_DEAD_LOCATION = 55332
S_DECREASE_COOLTIME_SKILL = 25346
S_DEFEND_SUCCESS = 20635
S_DESPAWN_COLLECTION = 32811
S_DESPAWN_DROPITEM = 51922
S_DESPAWN_NPC = 29144
S_DESPAWN_USER = 47310
S_DIALOG = 65410
S_DUNGEON_COOL_TIME_LIST = 59045
S_DUNGEON_EVENT_MESSAGE = 57098
S_EACH_SKILL_RESULT = 39259
S_ENABLE_DISABLE_SELLABLE_ITEM_LIST = 62376
S_END_CHANGE_USER_APPEARANCE = 43164
S_EXIT = 43675
S_FEARMOVE_END = 48534
S_FEARMOVE_STAGE = 61768
S_FIN_INTER_PARTY_MATCH = 53136
S_FONT_SWAP_INFO = 65222
S_FRIEND_LIST = 53897
S_GACHA_END = 24070
S_GACHA_START = 24820
S_GET_USER_GUILD_LOGO = 43236
S_GET_USER_LIST = 59961
S_GRANT_SKILL = 45280
S_GUILD_NAME = 36409
S_GUILD_STORE_SELL_LIST = 49815
S_GUILD_TOWER_INFO = 58573
S_HOLD_ABNORMALITY_ADD = 34871
S_IMAGE_DATA = 58966
S_INSTANT_DASH = 56528
S_INSTANT_MOVE = 61376
S_INVEN = 53638
S_INVEN_CHANGEDSLOT = 61677
S_ITEM_CUSTOM_STRING = 29554
S_JOIN_PRIVATE_CHANNEL = 31278
S_LEAVE_PARTY = 62430
S_LEAVE_PARTY_MEMBER = 29761
S_LEAVE_PRIVATE_CHANNEL = 35999
S_LOADING_SCREEN_CONTROL_INFO = 20751
S_LOAD_CLIENT_ACCOUNT_SETTING = 39361
S_LOAD_CLIENT_USER_SETTING = 30980
S_LOAD_TOPO = 37970
S_LOGIN = 56663
S_LOGOUT_PARTY_MEMBER = 24594
S_MOUNT_VEHICLE = 51546
S_MOUNT_VEHICLE_EX = 32429
S_NOTIFY_TO_FRIENDS_WALK_INTO_SAME_AREA = 30550
S_NPC_LOCATION = 62183
S_NPC_MENU_SELECT = 44451
S_NPC_OCCUPIER_INFO = 25972
S_NPC_STATUS = 60828
S_NPC_TARGET_USER = 27194
S_OPEN_AWESOMIUM_WEB_URL = 46389
S_OTHER_USER_APPLY_PARTY = 32917
S_PARTY_INFO = 59496
S_PARTY_MATCH_LINK = 37269
S_PARTY_MEMBER_ABNORMAL_ADD = 44754
S_PARTY_MEMBER_ABNORMAL_CLEAR = 58196
S_PARTY_MEMBER_ABNORMAL_DEL = 62411
S_PARTY_MEMBER_ABNORMAL_REFRESH = 54027
S_PARTY_MEMBER_BUFF_UPDATE = 25590
S_PARTY_MEMBER_CHANGE_HP = 58907
S_PARTY_MEMBER_CHANGE_MP = 39781
S_PARTY_MEMBER_INFO = 23098
S_PARTY_MEMBER_INTERVAL_POS_UPDATE = 34935
S_PARTY_MEMBER_LIST = 35011
S_PARTY_MEMBER_STAT_UPDATE = 59399
S_PCBANGINVENTORY_DATALIST = 34474
S_PLAYER_CHANGE_ALL_PROF = 63947
S_PLAYER_CHANGE_EXP = 44777
S_PLAYER_CHANGE_FLIGHT_ENERGY = 55683
S_PLAYER_CHANGE_MP = 63732
S_PLAYER_CHANGE_PROF = 20922
S_PLAYER_CHANGE_STAMINA = 25697
S_PLAYER_STAT_UPDATE = 20738
S_PLAY_MOVIE = 55614
S_POINT_STORE_SELL_LIST = 40584
S_PREPARE_RETURN_TO_LOBBY = 26805
S_PRIVATE_CHAT = 61102
S_PRODUCE_CRITICAL = 63391
S_QUEST_BALLOON = 63482
S_QUEST_INFO = 47013
S_REGISTER_ENCHANT_ITEM = 62227
S_REGISTER_UPGRADE_ITEM = 41394
S_REJECT_CONTRACT = 39031
S_REPLY_REQUEST_CONTRACT = 42037
S_REQUEST_CONTRACT = 21646
S_REQUEST_PRIVATE_CHANNEL_INFO = 24530
S_RESPONSE_GAMESTAT_PONG = 53534
S_RESULT_BIDDING_DICE_THROW = 21360
S_RESULT_ITEM_BIDDING = 27170
S_RETURN_TO_LOBBY = 44570
S_SHOW_HP = 22954
S_SHOW_PCBANG_ICON = 29097
S_SHOW_PEGASUS_MAP = 51169
S_SKILL_LIST = 33192
S_SOCIAL = 34063
S_SPAWN_BONFIRE = 33933
S_SPAWN_COLLECTION = 56522
S_SPAWN_DOOR = 42674
S_SPAWN_DROPITEM = 45666
S_SPAWN_ME = 55013
S_SPAWN_NPC = 34860
S_SPAWN_PROJECTILE = 30867
S_SPAWN_SHUTTLE = 36155
S_SPAWN_USER = 42600
S_SPAWN_WORKOBJECT = 22932
S_START_CHANGE_USER_APPEARANCE = 55438
S_START_COOLTIME_ITEM = 52312
S_START_COOLTIME_SKILL = 53116
S_START_PRODUCE = 39984
S_START_USER_PROJECTILE = 28344
S_STORE_SELL_LIST = 40010
S_SUCCESS_COUNTER = 48588
S_SYSTEM_MESSAGE = 25571
S_SYSTEM_MESSAGE_LOOT_ITEM = 33123
S_SYSTEM_MESSAGE_LOOT_SPECIAL_ITEM = 57598
S_TARGET_INFO = 63810
S_TELEPORT_TO_CAMP = 63826
S_TRADE_BROKER_DEAL_INFO_UPDATE = 52165
S_TRADE_BROKER_DEAL_SUGGESTED = 65439
S_TRADE_BROKER_REQUEST_DEAL_RESULT = 49706
S_TRADE_BROKER_SUGGEST_DEAL = 54084
S_TRADE_BROKER_WAITING_ITEM_LIST = 62781
S_UNICAST_TRANSFORM_DATA = 26964
S_UNMOUNT_VEHICLE = 26958
S_UNMOUNT_VEHICLE_EX = 44502
S_UPDATE_ACHIEVEMENT_PROGRESS = 21032
S_UPDATE_FRIEND_INFO = 46068
S_UPDATE_NPCGUILD = 59934
S_UPDATE_PRODUCE = 49880
S_USER_BLOCK_LIST = 54288
S_USER_EFFECT = 32702
S_USER_EXTERNAL_CHANGE = 42641
S_USER_LEVELUP = 28233
S_USER_LOCATION = 48532
S_USER_LOCATION_IN_ACTION = 56908
S_USER_SITUATION = 57573
S_USER_STATUS = 45140
S_VISIT_NEW_SECTION = 44893
S_WEAK_POINT = 50243
S_WHISPER = 34777
