C_ADMIN = 25025
C_ASK_INTERACTIVE = 31570
C_BIND_ITEM_BEGIN_PROGRESS = 51720
C_BIND_ITEM_EXECUTE = 34073
C_BLOCK_USER = 41566
C_CANCEL_CHANGE_USER_APPEARANCE = 50616
C_CANCEL_CONTRACT = 51517
C_CANCEL_SKILL = 34163
C_CAN_LOCKON_TARGET = 34656
C_CHANGE_PARTY_MANAGER = 21453
C_CHANGE_PARTY_MEMBER_AUTHORITY = 49305
C_CHAT = 44834
C_CHECK_VERSION = 19900
C_COMMIT_CHANGE_USER_APPEARANCE = 36696
C_COMPLETE_DAILY_EVENT = 41763
C_COMPLETE_EXTRA_EVENT = 20294
C_CREST_APPLY = 35959
C_CREST_APPLY_LIST = 48024
C_DELETE_FRIEND = 60563
C_DIALOG = 64406
C_END_MOVIE = 28079
C_GACHA_TRY = 63750
C_GET_USER_LIST = 28560
C_INVITE_USER_TO_GUILD = 56623
C_ITEM_COLORING_SET_COLOR = 25560
C_LEAVE_PRIVATE_CHANNEL = 26792
C_LOAD_TOPO_FIN = 23780
C_LOGIN_ARBITER = 56858
C_NOTIFY_LOCATION_IN_ACTION = 39456
C_NOTIFY_LOCATION_IN_DASH = 23676
C_NOTIMELINE_SKILL = 59487
C_NPC_CONTACT = 55491
C_OP_COMMAND = 55224
C_PARTY_APPLICATION_DENIED = 63704
C_PCBANGINVENTORY_USE_SLOT = 41408
C_PLAYER_FLYING_LOCATION = 20740
C_PLAYER_LOCATION = 48447
C_PRESS_SKILL = 27373
C_REGISTER_ENCHANT_ITEM = 50110
C_REGISTER_UPGRADE_ITEM = 62136
C_REMOVE_BLOCKED_USER = 48509
C_REPLY_THROUGH_ARBITER_CONTRACT = 60553
C_REQUEST_CONTRACT = 49926
C_REQUEST_ENCHANT = 35915
C_REQUEST_GAMESTAT_PING = 21802
C_REQUEST_NONDB_ITEM_INFO = 39585
C_REQUEST_PARTY_INFO = 58689
C_REQUEST_PRIVATE_CHANNEL_INFO = 51623
C_REQUEST_UPGRADE = 39842
C_REQUEST_USER_PAPERDOLL_INFO = 29380
C_RESET_ALL_DUNGEON = 56410
C_RETURN_TO_LOBBY = 45833
C_REVIVE_NOW = 34628
C_SAVE_CLIENT_ACCOUNT_SETTING = 40956
C_SAVE_CLIENT_USER_SETTING = 55813
C_SELECT_USER = 48785
C_SHOW_INVEN = 20620
C_SHOW_ITEM_TOOLTIP_EX = 51687
C_SOCIAL = 32431
C_START_COMBO_INSTANT_SKILL = 24172
C_START_ENCHANT = 35387
C_START_INSTANCE_SKILL = 64566
C_START_INSTANCE_SKILL_EX = 38434
C_START_PRODUCE = 64637
C_START_SKILL = 54565
C_START_TARGETED_SKILL = 57420
C_START_UPGRADE = 33533
C_TRADE_BROKER_BUY_IT_NOW = 31233
C_TRADE_BROKER_DEAL_CONFIRM = 23529
C_TRADE_BROKER_REJECT_SUGGEST = 27097
C_TRADE_BROKER_SUGGEST_DEAL = 39282
C_TRADE_BROKER_WAITING_ITEM_LIST_NEW = 23389
C_TRADE_BROKER_WAITING_ITEM_LIST_PAGE = 24753
C_TRY_LOOT_DROPITEM = 34287
C_UNREGISTER_ENCHANT_ITEM = 40078
C_UNREGISTER_UPGRADE_ITEM = 41139
C_USE_ITEM = 29579
C_VISIT_NEW_SECTION = 27279
C_WHISPER = 64967
S_ABNORMALITY_BEGIN = 41388
S_ABNORMALITY_DAMAGE_ABSORB = 61264
S_ABNORMALITY_END = 44023
S_ABNORMALITY_FAIL = 29577
S_ABNORMALITY_REFRESH = 46195
S_ACCEPT_CONTRACT = 34471
S_ACCOMPLISH_ACHIEVEMENT = 59790
S_ACCOUNT_PACKAGE_LIST = 40918
S_ACTION_END = 32872
S_ACTION_STAGE = 57953
S_ADMIN_HOLD_CHARACTER = 57026
S_AERO = 37487
S_AIR_REACTION_END = 61481
S_ANSWER_INTERACTIVE = 50586
S_APPLY_TITLE = 22880
S_AVAILABLE_EVENT_MATCHING_LIST = 34052
S_BAN_PARTY = 25917
S_BAN_PARTY_MEMBER = 64461
S_BATTLE_FIELD_ENTRANCE_INFO = 62427
S_BATTLE_FIELD_POINT_STORE_SELL_LIST = 60753
S_BEGIN_THROUGH_ARBITER_CONTRACT = 25211
S_BOSS_GAGE_INFO = 56948
S_CANCEL_CONTRACT = 50396
S_CANNOT_START_SKILL = 52063
S_CAN_LOCKON_TARGET = 41262
S_CHANGE_DESTPOS_PROJECTILE = 22457
S_CHANGE_PARTY_MANAGER = 40760
S_CHANGE_VOICE_USE_QAC = 37837
S_CHAT = 30046
S_CHECK_TO_READY_PARTY = 22597
S_CHECK_TO_READY_PARTY_FIN = 37876
S_CHECK_VERSION = 19901
S_CLEAR_ALL_HOLDED_ABNORMALITY = 44760
S_COLLECTION_PICKEND = 54401
S_COMPLETE_EVENT_MATCHING_QUEST = 61640
S_CREATURE_CHANGE_HP = 54949
S_CREATURE_LIFE = 38789
S_CREATURE_ROTATE = 46935
S_CREST_APPLY = 51048
S_CREST_INFO = 64791
S_CREST_MESSAGE = 20165
S_CURRENT_CHANNEL = 63101
S_DEAD_LOCATION = 47369
S_DECREASE_COOLTIME_SKILL = 57513
S_DEFEND_SUCCESS = 39295
S_DESPAWN_BONFIRE = 43557
S_DESPAWN_BUILD_OBJECT = 45308
S_DESPAWN_COLLECTION = 24778
S_DESPAWN_DROPITEM = 57895
S_DESPAWN_NPC = 54584
S_DESPAWN_USER = 63049
S_DIALOG = 35538
S_DUNGEON_CAMERA_SET = 28455
S_DUNGEON_COOL_TIME_LIST = 58446
S_DUNGEON_EVENT_MESSAGE = 32284
S_EACH_SKILL_RESULT = 37956
S_ENABLE_DISABLE_SELLABLE_ITEM_LIST = 21722
S_END_CHANGE_USER_APPEARANCE = 36516
S_EXIT = 45499
S_FEARMOVE_END = 64630
S_FEARMOVE_STAGE = 63815
S_FIN_INTER_PARTY_MATCH = 54202
S_FONT_SWAP_INFO = 29809
S_FRIEND_LIST = 51854
S_GACHA_END = 47285
S_GACHA_START = 32179
S_GET_USER_GUILD_LOGO = 31457
S_GET_USER_LIST = 53840
S_GRANT_SKILL = 44377
S_GUILD_NAME = 58453
S_GUILD_STORE_SELL_LIST = 40095
S_GUILD_TOWER_INFO = 40262
S_HOLD_ABNORMALITY_ADD = 24577
S_IMAGE_DATA = 48663
S_INSTANT_DASH = 62940
S_INSTANT_MOVE = 57590
S_INVEN = 38562
S_INVEN_CHANGEDSLOT = 35495
S_ITEM_CUSTOM_STRING = 63188
S_JOIN_PRIVATE_CHANNEL = 37806
S_LEAVE_PARTY = 37399
S_LEAVE_PARTY_MEMBER = 39392
S_LEAVE_PRIVATE_CHANNEL = 50102
S_LOADING_SCREEN_CONTROL_INFO = 49793
S_LOAD_CLIENT_ACCOUNT_SETTING = 20680
S_LOAD_CLIENT_USER_SETTING = 44278
S_LOAD_TOPO = 38530
S_LOGIN = 46793
S_LOGIN_ACCOUNT_INFO = 23708
S_LOGOUT_PARTY_MEMBER = 24563
S_MOUNT_VEHICLE = 35153
S_MOUNT_VEHICLE_EX = 30827
S_NOTIFY_TO_FRIENDS_WALK_INTO_SAME_AREA = 56993
S_NPC_LOCATION = 24918
S_NPC_MENU_SELECT = 39668
S_NPC_OCCUPIER_INFO = 25336
S_NPC_STATUS = 31627
S_NPC_TARGET_USER = 32852
S_OPEN_AWESOMIUM_WEB_URL = 33028
S_OTHER_USER_APPLY_PARTY = 43585
S_PARTY_INFO = 33820
S_PARTY_MATCH_LINK = 44525
S_PARTY_MEMBER_ABNORMAL_ADD = 62827
S_PARTY_MEMBER_ABNORMAL_CLEAR = 24604
S_PARTY_MEMBER_ABNORMAL_DEL = 57097
S_PARTY_MEMBER_ABNORMAL_REFRESH = 49103
S_PARTY_MEMBER_BUFF_UPDATE = 37142
S_PARTY_MEMBER_CHANGE_HP = 50917
S_PARTY_MEMBER_CHANGE_MP = 55715
S_PARTY_MEMBER_INFO = 31731
S_PARTY_MEMBER_INTERVAL_POS_UPDATE = 48717
S_PARTY_MEMBER_LIST = 48700
S_PARTY_MEMBER_STAT_UPDATE = 64529
S_PCBANGINVENTORY_DATALIST = 51148
S_PLAYER_CHANGE_ALL_PROF = 41089
S_PLAYER_CHANGE_EXP = 54769
S_PLAYER_CHANGE_FLIGHT_ENERGY = 25712
S_PLAYER_CHANGE_MP = 47056
S_PLAYER_CHANGE_PROF = 28001
S_PLAYER_CHANGE_STAMINA = 27063
S_PLAYER_STAT_UPDATE = 24087
S_PLAY_MOVIE = 44759
S_POINT_STORE_SELL_LIST = 58555
S_PREPARE_RETURN_TO_LOBBY = 37019
S_PRIVATE_CHAT = 46480
S_PRODUCE_CRITICAL = 48090
S_QUEST_BALLOON = 38984
S_QUEST_INFO = 62673
S_REGISTER_ENCHANT_ITEM = 56502
S_REGISTER_UPGRADE_ITEM = 20790
S_REJECT_CONTRACT = 39669
S_REPLY_REQUEST_CONTRACT = 57079
S_REQUEST_CONTRACT = 29547
S_REQUEST_PRIVATE_CHANNEL_INFO = 34157
S_REQUEST_STYLE_SHOP_MARK_PRODUCTLIST = 40455
S_RESPONSE_GAMESTAT_PONG = 43492
S_RESULT_BIDDING_DICE_THROW = 42781
S_RESULT_ITEM_BIDDING = 50172
S_RETURN_TO_LOBBY = 26352
S_SHOW_AWESOMIUMWEB_SHOP = 62741
S_SHOW_HP = 24556
S_SHOW_PCBANG_ICON = 43833
S_SHOW_PEGASUS_MAP = 56376
S_SKILL_LIST = 45103
S_SOCIAL = 64810
S_SPAWN_BONFIRE = 23543
S_SPAWN_BUILD_OBJECT = 45118
S_SPAWN_COLLECTION = 60161
S_SPAWN_DOOR = 64025
S_SPAWN_DROPITEM = 23354
S_SPAWN_ME = 51047
S_SPAWN_NPC = 34691
S_SPAWN_PROJECTILE = 64933
S_SPAWN_SHUTTLE = 44983
S_SPAWN_USER = 60854
S_SPAWN_WORKOBJECT = 39982
S_START_ACTION_SCRIPT = 55863
S_START_CHANGE_USER_APPEARANCE = 53023
S_START_COOLTIME_ITEM = 61309
S_START_COOLTIME_SKILL = 51703
S_START_PRODUCE = 32766
S_START_USER_PROJECTILE = 36628
S_STORE_SELL_LIST = 49389
S_SUCCESS_COUNTER = 41322
S_SYSTEM_MESSAGE = 34212
S_SYSTEM_MESSAGE_LOOT_ITEM = 21321
S_SYSTEM_MESSAGE_LOOT_SPECIAL_ITEM = 22195
S_TARGET_INFO = 65451
S_TELEPORT_TO_CAMP = 49730
S_TRADE_BROKER_DEAL_INFO_UPDATE = 47180
S_TRADE_BROKER_DEAL_SUGGESTED = 62170
S_TRADE_BROKER_REQUEST_DEAL_RESULT = 23621
S_TRADE_BROKER_SUGGEST_DEAL = 38825
S_TRADE_BROKER_WAITING_ITEM_LIST = 23055
S_UNICAST_TRANSFORM_DATA = 33185
S_UNMOUNT_VEHICLE = 60532
S_UNMOUNT_VEHICLE_EX = 61665
S_UPDATE_ACHIEVEMENT_PROGRESS = 48042
S_UPDATE_FRIEND_INFO = 46501
S_UPDATE_NPCGUILD = 42907
S_UPDATE_PRODUCE = 55574
S_USER_BLOCK_LIST = 22381
S_USER_EFFECT = 61971
S_USER_EXTERNAL_CHANGE = 50987
S_USER_LEVELUP = 45662
S_USER_LOCATION = 29441
S_USER_LOCATION_IN_ACTION = 40468
S_USER_SITUATION = 33795
S_USER_STATUS = 62254
S_VISIT_NEW_SECTION = 52785
S_WEAK_POINT = 54631
S_WHISPER = 48830
