C_ASK_INTERACTIVE = 42806
C_BIND_ITEM_BEGIN_PROGRESS = 45627
C_BIND_ITEM_EXECUTE = 41769
C_BLOCK_USER = 29808
C_CANCEL_CHANGE_USER_APPEARANCE = 62584
C_CANCEL_CONTRACT = 33899
C_CANCEL_SKILL = 53695
C_CAN_LOCKON_TARGET = 48610
C_CHANGE_PARTY_MANAGER = 32187
C_CHANGE_PARTY_MEMBER_AUTHORITY = 46794
C_CHAT = 41456
C_CHECK_VERSION = 19900
C_COMMIT_CHANGE_USER_APPEARANCE = 55387
C_CREST_APPLY = 64271
C_CREST_APPLY_LIST = 58749
C_DELETE_FRIEND = 50999
C_DIALOG = 39013
C_END_MOVIE = 43616
C_GACHA_TRY = 32623
C_GET_USER_LIST = 24760
C_INVITE_USER_TO_GUILD = 31092
C_LEAVE_PRIVATE_CHANNEL = 40186
C_LOAD_TOPO_FIN = 29150
C_LOGIN_ARBITER = 38273
C_NOTIFY_LOCATION_IN_ACTION = 39942
C_NOTIFY_LOCATION_IN_DASH = 22807
C_NOTIMELINE_SKILL = 40317
C_NPC_CONTACT = 38828
C_PARTY_APPLICATION_DENIED = 62925
C_PCBANGINVENTORY_USE_SLOT = 35021
C_PLAYER_LOCATION = 52139
C_PRESS_SKILL = 20334
C_REGISTER_ENCHANT_ITEM = 52135
C_REGISTER_UPGRADE_ITEM = 52456
C_REMOVE_BLOCKED_USER = 26286
C_REPLY_THROUGH_ARBITER_CONTRACT = 50468
C_REQUEST_CONTRACT = 30353
C_REQUEST_ENCHANT = 52695
C_REQUEST_GAMESTAT_PING = 26158
C_REQUEST_NONDB_ITEM_INFO = 32968
C_REQUEST_PARTY_INFO = 30487
C_REQUEST_PRIVATE_CHANNEL_INFO = 40504
C_REQUEST_UPGRADE = 51519
C_REQUEST_USER_PAPERDOLL_INFO = 20512
C_RESET_ALL_DUNGEON = 61710
C_RETURN_TO_LOBBY = 52331
C_REVIVE_NOW = 41957
C_SAVE_CLIENT_ACCOUNT_SETTING = 38931
C_SAVE_CLIENT_USER_SETTING = 59013
C_SELECT_USER = 48530
C_SHOW_INVEN = 59184
C_SHOW_ITEM_TOOLTIP_EX = 20677
C_SOCIAL = 23014
C_START_COMBO_INSTANT_SKILL = 31300
C_START_ENCHANT = 40785
C_START_INSTANCE_SKILL = 31998
C_START_INSTANCE_SKILL_EX = 59292
C_START_PRODUCE = 29935
C_START_SKILL = 25755
C_START_TARGETED_SKILL = 59443
C_START_UPGRADE = 58592
C_TRADE_BROKER_BUY_IT_NOW = 20199
C_TRADE_BROKER_DEAL_CONFIRM = 48016
C_TRADE_BROKER_REJECT_SUGGEST = 60533
C_TRADE_BROKER_SUGGEST_DEAL = 27124
C_TRADE_BROKER_WAITING_ITEM_LIST_NEW = 22119
C_TRADE_BROKER_WAITING_ITEM_LIST_PAGE = 21246
C_UNREGISTER_ENCHANT_ITEM = 25506
C_UNREGISTER_UPGRADE_ITEM = 55088
C_USE_ITEM = 27759
C_VISIT_NEW_SECTION = 50634
C_WHISPER = 45118
S_ABNORMALITY_BEGIN = 37259
S_ABNORMALITY_DAMAGE_ABSORB = 49691
S_ABNORMALITY_END = 27141
S_ABNORMALITY_FAIL = 25667
S_ABNORMALITY_REFRESH = 50342
S_ACCEPT_CONTRACT = 35739
S_ACCOMPLISH_ACHIEVEMENT = 47135
S_ACCOUNT_PACKAGE_LIST = 28787
S_ACTION_END = 52253
S_ACTION_STAGE = 33339
S_ADMIN_HOLD_CHARACTER = 52151
S_AERO = 21669
S_ANSWER_INTERACTIVE = 64174
S_AVAILABLE_EVENT_MATCHING_LIST = 41286
S_BAN_PARTY = 20032
S_BAN_PARTY_MEMBER = 42015
S_BATTLE_FIELD_ENTRANCE_INFO = 53850
S_BATTLE_FIELD_POINT_STORE_SELL_LIST = 29996
S_BEGIN_THROUGH_ARBITER_CONTRACT = 43383
S_BOSS_GAGE_INFO = 49115
S_CANCEL_CONTRACT = 45974
S_CANNOT_START_SKILL = 39320
S_CAN_LOCKON_TARGET = 41143
S_CHANGE_DESTPOS_PROJECTILE = 28040
S_CHANGE_PARTY_MANAGER = 62293
S_CHANGE_VOICE_USE_QAC = 44675
S_CHAT = 20125
S_CHECK_TO_READY_PARTY = 40546
S_CHECK_TO_READY_PARTY_FIN = 32449
S_CLEAR_ALL_HOLDED_ABNORMALITY = 35331
S_COLLECTION_PICKEND = 61011
S_CREATURE_CHANGE_HP = 49467
S_CREATURE_LIFE = 28764
S_CREATURE_ROTATE = 65271
S_CREST_APPLY = 37735
S_CREST_INFO = 52512
S_CREST_MESSAGE = 24393
S_DEAD_LOCATION = 24459
S_DECREASE_COOLTIME_SKILL = 40843
S_DEFEND_SUCCESS = 51020
S_DESPAWN_COLLECTION = 60243
S_DESPAWN_NPC = 49250
S_DESPAWN_USER = 44186
S_DIALOG = 50446
S_DUNGEON_COOL_TIME_LIST = 26849
S_DUNGEON_EVENT_MESSAGE = 23705
S_EACH_SKILL_RESULT = 46592
S_ENABLE_DISABLE_SELLABLE_ITEM_LIST = 40822
S_END_CHANGE_USER_APPEARANCE = 26935
S_EXIT = 21754
S_FEARMOVE_END = 61140
S_FEARMOVE_STAGE = 31667
S_FIN_INTER_PARTY_MATCH = 57862
S_FONT_SWAP_INFO = 21725
S_FRIEND_LIST = 64531
S_GACHA_END = 34564
S_GACHA_START = 55076
S_GET_USER_GUILD_LOGO = 23044
S_GET_USER_LIST = 33249
S_GRANT_SKILL = 48237
S_GUILD_NAME = 36206
S_GUILD_STORE_SELL_LIST = 42317
S_GUILD_TOWER_INFO = 33803
S_HOLD_ABNORMALITY_ADD = 44434
S_IMAGE_DATA = 60255
S_INSTANT_DASH = 52427
S_INSTANT_MOVE = 41819
S_INVEN = 26871
S_ITEM_CUSTOM_STRING = 22726
S_JOIN_PRIVATE_CHANNEL = 52229
S_LEAVE_PARTY = 62533
S_LEAVE_PARTY_MEMBER = 50525
S_LEAVE_PRIVATE_CHANNEL = 31189
S_LOAD_CLIENT_ACCOUNT_SETTING = 62619
S_LOAD_CLIENT_USER_SETTING = 40043
S_LOAD_TOPO = 27935
S_LOGIN = 43586
S_LOGOUT_PARTY_MEMBER = 25337
S_MOUNT_VEHICLE = 54671
S_MOUNT_VEHICLE_EX = 25062
S_NOTIFY_TO_FRIENDS_WALK_INTO_SAME_AREA = 35874
S_NPC_LOCATION = 31090
S_NPC_MENU_SELECT = 32259
S_NPC_OCCUPIER_INFO = 54092
S_NPC_STATUS = 31529
S_NPC_TARGET_USER = 41197
S_OTHER_USER_APPLY_PARTY = 58321
S_PARTY_INFO = 64744
S_PARTY_MATCH_LINK = 49333
S_PARTY_MEMBER_ABNORMAL_ADD = 39990
S_PARTY_MEMBER_ABNORMAL_CLEAR = 56824
S_PARTY_MEMBER_ABNORMAL_DEL = 56184
S_PARTY_MEMBER_ABNORMAL_REFRESH = 44593
S_PARTY_MEMBER_BUFF_UPDATE = 24919
S_PARTY_MEMBER_CHANGE_HP = 39178
S_PARTY_MEMBER_CHANGE_MP = 37988
S_PARTY_MEMBER_INFO = 40528
S_PARTY_MEMBER_INTERVAL_POS_UPDATE = 46504
S_PARTY_MEMBER_LIST = 28224
S_PARTY_MEMBER_STAT_UPDATE = 34882
S_PCBANGINVENTORY_DATALIST = 47931
S_PLAYER_CHANGE_ALL_PROF = 57911
S_PLAYER_CHANGE_EXP = 53254
S_PLAYER_CHANGE_FLIGHT_ENERGY = 50136
S_PLAYER_CHANGE_MP = 25928
S_PLAYER_CHANGE_PROF = 30987
S_PLAYER_CHANGE_STAMINA = 36068
S_PLAYER_STAT_UPDATE = 37520
S_PLAY_MOVIE = 59128
S_POINT_STORE_SELL_LIST = 49903
S_PREPARE_RETURN_TO_LOBBY = 32110
S_PRIVATE_CHAT = 25472
S_PRODUCE_CRITICAL = 31199
S_QUEST_BALLOON = 44035
S_QUEST_INFO = 22008
S_REGISTER_ENCHANT_ITEM = 64035
S_REGISTER_UPGRADE_ITEM = 27647
S_REJECT_CONTRACT = 54056
S_REPLY_REQUEST_CONTRACT = 56981
S_REQUEST_CONTRACT = 41290
S_REQUEST_PRIVATE_CHANNEL_INFO = 53875
S_RESPONSE_GAMESTAT_PONG = 56783
S_RESULT_BIDDING_DICE_THROW = 46739
S_RESULT_ITEM_BIDDING = 56103
S_RETURN_TO_LOBBY = 36252
S_SHOW_HP = 44561
S_SHOW_PEGASUS_MAP = 58194
S_SKILL_LIST = 21436
S_SOCIAL = 29863
S_SPAWN_BONFIRE = 43979
S_SPAWN_COLLECTION = 31378
S_SPAWN_DOOR = 62331
S_SPAWN_DROPITEM = 25077
S_SPAWN_ME = 30046
S_SPAWN_NPC = 60477
S_SPAWN_PROJECTILE = 50461
S_SPAWN_SHUTTLE = 63539
S_SPAWN_USER = 54714
S_SPAWN_WORKOBJECT = 38930
S_START_CHANGE_USER_APPEARANCE = 47673
S_START_COOLTIME_ITEM = 28916
S_START_COOLTIME_SKILL = 34262
S_START_PRODUCE = 42366
S_START_USER_PROJECTILE = 46710
S_STORE_SELL_LIST = 49608
S_SYSTEM_MESSAGE = 39142
S_SYSTEM_MESSAGE_LOOT_ITEM = 42617
S_SYSTEM_MESSAGE_LOOT_SPECIAL_ITEM = 56567
S_TARGET_INFO = 25896
S_TELEPORT_TO_CAMP = 52612
S_TRADE_BROKER_DEAL_INFO_UPDATE = 36123
S_TRADE_BROKER_DEAL_SUGGESTED = 57014
S_TRADE_BROKER_REQUEST_DEAL_RESULT = 32510
S_TRADE_BROKER_SUGGEST_DEAL = 55203
S_TRADE_BROKER_WAITING_ITEM_LIST = 47984
S_UNICAST_TRANSFORM_DATA = 26889
S_UNMOUNT_VEHICLE = 29705
S_UNMOUNT_VEHICLE_EX = 25023
S_UPDATE_FRIEND_INFO = 26102
S_UPDATE_NPCGUILD = 45866
S_UPDATE_PRODUCE = 53100
S_USER_BLOCK_LIST = 29824
S_USER_EFFECT = 57841
S_USER_EXTERNAL_CHANGE = 58754
S_USER_LEVELUP = 32053
S_USER_LOCATION = 60832
S_USER_SITUATION = 27346
S_USER_STATUS = 63747
S_VISIT_NEW_SECTION = 23090
S_WEAK_POINT = 33170
S_WHISPER = 32494
