C_ADMIN = 20155
C_ASK_INTERACTIVE = 47405
C_BIND_ITEM_BEGIN_PROGRESS = 55550
C_BIND_ITEM_EXECUTE = 28581
C_BLOCK_USER = 35604
C_CANCEL_CHANGE_USER_APPEARANCE = 64705
C_CANCEL_CONTRACT = 23275
C_CANCEL_SKILL = 49754
C_CAN_LOCKON_TARGET = 25337
C_CHANGE_PARTY_MANAGER = 58819
C_CHANGE_PARTY_MEMBER_AUTHORITY = 45582
C_CHAT = 43509
C_CHECK_VERSION = 19900
C_COMMIT_CHANGE_USER_APPEARANCE = 33050
C_COMPLETE_DAILY_EVENT = 28497
C_COMPLETE_EXTRA_EVENT = 42518
C_CREST_APPLY = 31729
C_CREST_APPLY_LIST = 45855
C_DELETE_FRIEND = 39893
C_DIALOG = 36843
C_END_MOVIE = 51528
C_GACHA_TRY = 39732
C_GET_USER_LIST = 44887
C_INVITE_USER_TO_GUILD = 37266
C_ITEM_COLORING_SET_COLOR = 22532
C_LEAVE_PRIVATE_CHANNEL = 64117
C_LOAD_TOPO_FIN = 48435
C_LOGIN_ARBITER = 44736
C_NOTIFY_LOCATION_IN_ACTION = 34530
C_NOTIFY_LOCATION_IN_DASH = 54137
C_NOTIMELINE_SKILL = 35221
C_NPC_CONTACT = 63425
C_OP_COMMAND = 46035
C_PARTY_APPLICATION_DENIED = 29205
C_PCBANGINVENTORY_USE_SLOT = 35967
C_PLAYER_FLYING_LOCATION = 60357
C_PLAYER_LOCATION = 46760
C_PRESS_SKILL = 61593
C_REGISTER_ENCHANT_ITEM = 29408
C_REGISTER_UPGRADE_ITEM = 22414
C_REMOVE_BLOCKED_USER = 29822
C_REPLY_THROUGH_ARBITER_CONTRACT = 54075
C_REQUEST_CONTRACT = 43776
C_REQUEST_ENCHANT = 39263
C_REQUEST_GAMESTAT_PING = 52220
C_REQUEST_NONDB_ITEM_INFO = 32475
C_REQUEST_PARTY_INFO = 49064
C_REQUEST_PRIVATE_CHANNEL_INFO = 25513
C_REQUEST_UPGRADE = 38432
C_REQUEST_USER_PAPERDOLL_INFO = 57279
C_RESET_ALL_DUNGEON = 27512
C_RETURN_TO_LOBBY = 38751
C_REVIVE_NOW = 26910
C_SAVE_CLIENT_ACCOUNT_SETTING = 27340
C_SAVE_CLIENT_USER_SETTING = 29608
C_SELECT_USER = 21078
C_SHOW_INVEN = 39606
C_SHOW_ITEM_TOOLTIP_EX = 58107
C_SOCIAL = 25207
C_START_COMBO_INSTANT_SKILL = 54090
C_START_ENCHANT = 27464
C_START_INSTANCE_SKILL = 23212
C_START_INSTANCE_SKILL_EX = 47377
C_START_PRODUCE = 21139
C_START_SKILL = 45231
C_START_TARGETED_SKILL = 21504
C_START_UPGRADE = 60271
C_TRADE_BROKER_BUY_IT_NOW = 36343
C_TRADE_BROKER_DEAL_CONFIRM = 24800
C_TRADE_BROKER_REJECT_SUGGEST = 43611
C_TRADE_BROKER_SUGGEST_DEAL = 36986
C_TRADE_BROKER_WAITING_ITEM_LIST_NEW = 52798
C_TRADE_BROKER_WAITING_ITEM_LIST_PAGE = 45332
C_TRY_LOOT_DROPITEM = 38079
C_UNREGISTER_ENCHANT_ITEM = 46971
C_UNREGISTER_UPGRADE_ITEM = 41846
C_USE_ITEM = 31755
C_VISIT_NEW_SECTION = 37202
C_WHISPER = 41691
S_ABNORMALITY_BEGIN = 45843
S_ABNORMALITY_DAMAGE_ABSORB = 42566
S_ABNORMALITY_END = 49808
S_ABNORMALITY_FAIL = 45336
S_ABNORMALITY_REFRESH = 64131
S_ACCEPT_CONTRACT = 25407
S_ACCOMPLISH_ACHIEVEMENT = 47067
S_ACCOUNT_PACKAGE_LIST = 30190
S_ACTION_END = 46700
S_ACTION_STAGE = 49503
S_ADMIN_HOLD_CHARACTER = 61729
S_AERO = 48080
S_AIR_REACTION_END = 37996
S_ANSWER_INTERACTIVE = 22374
S_APPLY_TITLE = 49635
S_AVAILABLE_EVENT_MATCHING_LIST = 49164
S_BAN_PARTY = 47603
S_BAN_PARTY_MEMBER = 42231
S_BATTLE_FIELD_ENTRANCE_INFO = 20793
S_BATTLE_FIELD_POINT_STORE_SELL_LIST = 50429
S_BEGIN_THROUGH_ARBITER_CONTRACT = 41616
S_BOSS_GAGE_INFO = 58661
S_CANCEL_CONTRACT = 59990
S_CANNOT_START_SKILL = 32971
S_CAN_LOCKON_TARGET = 42472
S_CHANGE_DESTPOS_PROJECTILE = 53281
S_CHANGE_PARTY_MANAGER = 30249
S_CHANGE_VOICE_USE_QAC = 21191
S_CHAT = 23291
S_CHECK_TO_READY_PARTY = 37862
S_CHECK_TO_READY_PARTY_FIN = 21019
S_CHECK_VERSION = 19901
S_CLEAR_ALL_HOLDED_ABNORMALITY = 36441
S_COLLECTION_PICKEND = 25681
S_COMPLETE_EVENT_MATCHING_QUEST = 32596
S_CREATURE_CHANGE_HP = 52436
S_CREATURE_LIFE = 62545
S_CREATURE_ROTATE = 22933
S_CREST_APPLY = 38634
S_CREST_INFO = 28342
S_CREST_MESSAGE = 20917
S_CURRENT_CHANNEL = 50836
S_DEAD_LOCATION = 37259
S_DECREASE_COOLTIME_SKILL = 39489
S_DEFEND_SUCCESS = 23506
S_DESPAWN_BONFIRE = 52139
S_DESPAWN_BUILD_OBJECT = 24685
S_DESPAWN_COLLECTION = 54351
S_DESPAWN_DROPITEM = 48004
S_DESPAWN_NPC = 63424
S_DESPAWN_USER = 40109
S_DIALOG = 47575
S_DUNGEON_CAMERA_SET = 30778
S_DUNGEON_COOL_TIME_LIST = 20033
S_DUNGEON_EVENT_MESSAGE = 51121
S_EACH_SKILL_RESULT = 23261
S_ENABLE_DISABLE_SELLABLE_ITEM_LIST = 42434
S_END_CHANGE_USER_APPEARANCE = 50629
S_EXIT = 48942
S_FEARMOVE_END = 41686
S_FEARMOVE_STAGE = 24981
S_FIN_INTER_PARTY_MATCH = 42716
S_FONT_SWAP_INFO = 45382
S_FRIEND_LIST = 22046
S_GACHA_END = 59474
S_GACHA_START = 29227
S_GET_USER_GUILD_LOGO = 41124
S_GET_USER_LIST = 51539
S_GRANT_SKILL = 32479
S_GUILD_NAME = 47184
S_GUILD_STORE_SELL_LIST = 51814
S_GUILD_TOWER_INFO = 51922
S_HOLD_ABNORMALITY_ADD = 21158
S_IMAGE_DATA = 30340
S_INSTANT_DASH = 49677
S_INSTANT_MOVE = 30104
S_INVEN = 33800
S_INVEN_CHANGEDSLOT = 32428
S_ITEM_CUSTOM_STRING = 61695
S_JOIN_PRIVATE_CHANNEL = 63576
S_LEAVE_PARTY = 59523
S_LEAVE_PARTY_MEMBER = 21565
S_LEAVE_PRIVATE_CHANNEL = 65339
S_LOADING_SCREEN_CONTROL_INFO = 24238
S_LOAD_CLIENT_ACCOUNT_SETTING = 48843
S_LOAD_CLIENT_USER_SETTING = 51344
S_LOAD_TOPO = 27118
S_LOGIN = 56564
S_LOGIN_ACCOUNT_INFO = 52631
S_LOGOUT_PARTY_MEMBER = 61447
S_MOUNT_VEHICLE = 31171
S_MOUNT_VEHICLE_EX = 50136
S_NOTIFY_TO_FRIENDS_WALK_INTO_SAME_AREA = 33059
S_NPC_LOCATION = 33969
S_NPC_MENU_SELECT = 62342
S_NPC_OCCUPIER_INFO = 22947
S_NPC_STATUS = 49219
S_NPC_TARGET_USER = 55685
S_OPEN_AWESOMIUM_WEB_URL = 25625
S_OTHER_USER_APPLY_PARTY = 53744
S_PARTY_INFO = 57377
S_PARTY_MATCH_LINK = 58575
S_PARTY_MEMBER_ABNORMAL_ADD = 40165
S_PARTY_MEMBER_ABNORMAL_CLEAR = 49212
S_PARTY_MEMBER_ABNORMAL_DEL = 26561
S_PARTY_MEMBER_ABNORMAL_REFRESH = 56576
S_PARTY_MEMBER_BUFF_UPDATE = 29125
S_PARTY_MEMBER_CHANGE_HP = 58352
S_PARTY_MEMBER_CHANGE_MP = 26809
S_PARTY_MEMBER_INFO = 34075
S_PARTY_MEMBER_INTERVAL_POS_UPDATE = 35504
S_PARTY_MEMBER_LIST = 44410
S_PARTY_MEMBER_STAT_UPDATE = 58353
S_PCBANGINVENTORY_DATALIST = 45728
S_PLAYER_CHANGE_ALL_PROF = 29027
S_PLAYER_CHANGE_EXP = 65057
S_PLAYER_CHANGE_FLIGHT_ENERGY = 23389
S_PLAYER_CHANGE_MP = 25548
S_PLAYER_CHANGE_PROF = 33817
S_PLAYER_CHANGE_STAMINA = 21170
S_PLAYER_STAT_UPDATE = 21766
S_PLAY_MOVIE = 52089
S_POINT_STORE_SELL_LIST = 21231
S_PREPARE_RETURN_TO_LOBBY = 62906
S_PRIVATE_CHAT = 29885
S_PRODUCE_CRITICAL = 31661
S_QUEST_BALLOON = 53623
S_QUEST_INFO = 47845
S_REGISTER_ENCHANT_ITEM = 26354
S_REGISTER_UPGRADE_ITEM = 20859
S_REJECT_CONTRACT = 37946
S_REPLY_REQUEST_CONTRACT = 55349
S_REQUEST_CONTRACT = 55765
S_REQUEST_PRIVATE_CHANNEL_INFO = 30850
S_REQUEST_STYLE_SHOP_MARK_PRODUCTLIST = 28221
S_RESPONSE_GAMESTAT_PONG = 26981
S_RESULT_BIDDING_DICE_THROW = 28707
S_RESULT_ITEM_BIDDING = 35541
S_RETURN_TO_LOBBY = 20816
S_SHOW_AWESOMIUMWEB_SHOP = 58381
S_SHOW_HP = 42654
S_SHOW_PCBANG_ICON = 30326
S_SHOW_PEGASUS_MAP = 34237
S_SKILL_LIST = 23167
S_SOCIAL = 65338
S_SPAWN_BONFIRE = 42023
S_SPAWN_BUILD_OBJECT = 34486
S_SPAWN_COLLECTION = 36068
S_SPAWN_DOOR = 52885
S_SPAWN_DROPITEM = 63826
S_SPAWN_ME = 47200
S_SPAWN_NPC = 37467
S_SPAWN_PROJECTILE = 31843
S_SPAWN_SHUTTLE = 54948
S_SPAWN_USER = 23556
S_SPAWN_WORKOBJECT = 32017
S_START_ACTION_SCRIPT = 55684
S_START_CHANGE_USER_APPEARANCE = 60949
S_START_COOLTIME_ITEM = 25331
S_START_COOLTIME_SKILL = 52511
S_START_PRODUCE = 39015
S_START_USER_PROJECTILE = 31331
S_STORE_SELL_LIST = 60702
S_SUCCESS_COUNTER = 28307
S_SYSTEM_MESSAGE = 34578
S_SYSTEM_MESSAGE_LOOT_ITEM = 48860
S_SYSTEM_MESSAGE_LOOT_SPECIAL_ITEM = 24861
S_TARGET_INFO = 22663
S_TELEPORT_TO_CAMP = 59917
S_TRADE_BROKER_DEAL_INFO_UPDATE = 62551
S_TRADE_BROKER_DEAL_SUGGESTED = 39707
S_TRADE_BROKER_REQUEST_DEAL_RESULT = 42660
S_TRADE_BROKER_SUGGEST_DEAL = 30934
S_TRADE_BROKER_WAITING_ITEM_LIST = 30139
S_UNICAST_TRANSFORM_DATA = 27783
S_UNMOUNT_VEHICLE = 32208
S_UNMOUNT_VEHICLE_EX = 26958
S_UPDATE_ACHIEVEMENT_PROGRESS = 43036
S_UPDATE_FRIEND_INFO = 53625
S_UPDATE_NPCGUILD = 37172
S_UPDATE_PRODUCE = 29766
S_USER_BLOCK_LIST = 64792
S_USER_EFFECT = 34299
S_USER_EXTERNAL_CHANGE = 62670
S_USER_LEVELUP = 35168
S_USER_LOCATION = 43963
S_USER_LOCATION_IN_ACTION = 60930
S_USER_SITUATION = 59238
S_USER_STATUS = 32521
S_VISIT_NEW_SECTION = 46069
S_WEAK_POINT = 25665
S_WHISPER = 37751