C_ADD_TELEPORT_TO_POS_LIST = 31642
C_ASK_INTERACTIVE = 63155
C_BIND_ITEM_BEGIN_PROGRESS = 42871
C_BIND_ITEM_EXECUTE = 47858
C_BLOCK_USER = 60216
C_CANCEL_CHANGE_USER_APPEARANCE = 25686
C_CANCEL_CONTRACT = 53915
C_CANCEL_SKILL = 62759
C_CAN_LOCKON_TARGET = 63961
C_CHANGE_EQUIP_PRESET = 40774
C_CHANGE_PARTY_MANAGER = 55699
C_CHANGE_PARTY_MEMBER_AUTHORITY = 34819
C_CHANGE_USER_LOBBY_SLOT_ID = 32465
C_CHAT = 35550
C_CHECK_EVENT_MATCHING_LIST_CHECKBOX = 33648
C_CHECK_VERSION = 19900
C_COMMIT_CHANGE_USER_APPEARANCE = 42242
C_COMPLETE_DAILY_EVENT = 20520
C_COMPLETE_EXTRA_EVENT = 51351
C_CREST_APPLY = 38064
C_CREST_APPLY_LIST = 32393
C_DELETE_FRIEND = 41386
C_DELETE_TELEPORT_TO_POS_LIST = 54661
C_DELETE_USER = 29263
C_DEL_ITEM = 48306
C_DIALOG = 62340
C_END_MOVIE = 57806
C_GACHA_TRY = 20865
C_GET_USER_LIST = 57412
C_HIT_USER_PROJECTILE = 59172
C_INVITE_USER_TO_GUILD = 30845
C_ITEM_COLORING_SET_COLOR = 46976
C_LEAVE_PRIVATE_CHANNEL = 35163
C_LOAD_TOPO_FIN = 38647
C_LOGIN_ARBITER = 61022
C_MEET_BOSS_INFO = 26230
C_MERGE_ITEM = 29785
C_NOTIFY_LOCATION_IN_ACTION = 65137
C_NOTIFY_LOCATION_IN_DASH = 58308
C_NOTIMELINE_SKILL = 24648
C_NPC_CONTACT = 27828
C_OP_COMMAND = 22842
C_PARTY_APPLICATION_DENIED = 47638
C_PCBANGINVENTORY_USE_SLOT = 46407
C_PLAYER_FLYING_LOCATION = 27418
C_PLAYER_LOCATION = 53374
C_PONG = 46612
C_PRESS_SKILL = 50220
C_REGISTER_ENCHANT_ITEM = 32009
C_REGISTER_UPGRADE_ITEM = 56679
C_REMOVE_BLOCKED_USER = 52446
C_REPLY_THROUGH_ARBITER_CONTRACT = 23469
C_REQUEST_BOSS_GAGE_INFO = 55054
C_REQUEST_CONTRACT = 29018
C_REQUEST_ENCHANT = 24183
C_REQUEST_GAMESTAT_PING = 32912
C_REQUEST_GUILD_INFO = 48315
C_REQUEST_MY_PARTY_MATCH_INFO = 49575
C_REQUEST_NONDB_ITEM_INFO = 60494
C_REQUEST_PARTY_INFO = 50771
C_REQUEST_PARTY_MATCH_INFO = 62876
C_REQUEST_PARTY_MATCH_INFO_PAGE = 29265
C_REQUEST_PRIVATE_CHANNEL_INFO = 38469
C_REQUEST_RECV_DAILY_TOKEN = 59779
C_REQUEST_UPGRADE = 48000
C_REQUEST_USER_PAPERDOLL_INFO = 45539
C_REQUEST_USER_PAPERDOLL_INFO_WITH_GAMEID = 58984
C_RESET_ALL_DUNGEON = 39007
C_RETURN_TO_LOBBY = 40039
C_REVIVE_NOW = 55030
C_SAVE_CLIENT_ACCOUNT_SETTING = 64551
C_SAVE_CLIENT_USER_SETTING = 31526
C_SELECT_CHANNEL = 64211
C_SELECT_EVENT_MATCHING = 27027
C_SELECT_USER = 37947
C_SET_VISIBLE_RANGE = 45805
C_SHOW_INVEN = 50707
C_SHOW_ITEM_TOOLTIP_EX = 44618
C_SOCIAL = 35461
C_START_COMBO_INSTANT_SKILL = 48028
C_START_ENCHANT = 34764
C_START_INSTANCE_SKILL = 32514
C_START_INSTANCE_SKILL_EX = 50517
C_START_PRODUCE = 42958
C_START_SKILL = 25288
C_START_TARGETED_SKILL = 24850
C_START_UPGRADE = 23284
C_TELEPORT_TO_POS = 47602
C_TELEPORT_TO_VILLAGE = 20122
C_TRADE_BROKER_BUY_IT_NOW = 61036
C_TRADE_BROKER_DEAL_CONFIRM = 24402
C_TRADE_BROKER_REJECT_SUGGEST = 29602
C_TRADE_BROKER_SUGGEST_DEAL = 46075
C_TRADE_BROKER_WAITING_ITEM_LIST_NEW = 28977
C_TRADE_BROKER_WAITING_ITEM_LIST_PAGE = 52923
C_TRY_LOOT_DROPITEM = 24328
C_UNREGISTER_ENCHANT_ITEM = 44818
C_UNREGISTER_UPGRADE_ITEM = 26901
C_USE_ITEM = 23704
C_VISIT_NEW_SECTION = 65239
C_WHISPER = 64332
S_ABNORMALITY_BEGIN = 50288
S_ABNORMALITY_DAMAGE_ABSORB = 26278
S_ABNORMALITY_END = 22640
S_ABNORMALITY_FAIL = 39126
S_ABNORMALITY_REFRESH = 47762
S_ACCEPT_CONTRACT = 47971
S_ACCOMPLISH_ACHIEVEMENT = 35557
S_ACCOUNT_PACKAGE_LIST = 61305
S_ACTION_END = 59353
S_ACTION_STAGE = 38267
S_ADD_BLOCKED_USER = 54150
S_ADMIN_HOLD_CHARACTER = 50224
S_AERO = 48835
S_ANSWER_INTERACTIVE = 43707
S_APPLY_TITLE = 63714
S_AVAILABLE_EVENT_MATCHING_LIST = 40187
S_BAN_PARTY = 46598
S_BAN_PARTY_MEMBER = 30898
S_BATTLE_FIELD_ENTRANCE_INFO = 54989
S_BATTLE_FIELD_POINT_STORE_SELL_LIST = 62151
S_BEGIN_THROUGH_ARBITER_CONTRACT = 63616
S_CANCEL_CONTRACT = 34430
S_CANNOT_START_SKILL = 38652
S_CANT_FLY_ANYMORE = 49281
S_CAN_LOCKON_TARGET = 35478
S_CHANGE_DESTPOS_PROJECTILE = 44637
S_CHANGE_PARTY_MANAGER = 40623
S_CHANGE_VOICE_USE_QAC = 36828
S_CHAT = 45927
S_CHECK_TO_READY_PARTY = 33987
S_CHECK_TO_READY_PARTY_FIN = 63724
S_CHECK_VERSION = 19901
S_CLEAR_ALL_HOLDED_ABNORMALITY = 63687
S_COLLECTION_PICKEND = 44904
S_COMPLETE_EVENT_MATCHING_QUEST = 59934
S_CREATE_USER = 44460
S_CREATURE_CHANGE_HP = 30770
S_CREATURE_LIFE = 52044
S_CREATURE_ROTATE = 43056
S_CREST_APPLY = 27715
S_CREST_INFO = 40137
S_CREST_MESSAGE = 42218
S_CURRENT_CHANNEL = 32823
S_DEAD_LOCATION = 54687
S_DECREASE_COOLTIME_SKILL = 63840
S_DEFEND_SUCCESS = 55809
S_DESPAWN_BONFIRE = 63084
S_DESPAWN_BUILD_OBJECT = 59460
S_DESPAWN_COLLECTION = 41694
S_DESPAWN_DROPITEM = 42618
S_DESPAWN_NPC = 59386
S_DESPAWN_PROJECTILE = 61825
S_DESPAWN_USER = 32511
S_DIALOG = 31133
S_DUNGEON_CAMERA_SET = 61203
S_DUNGEON_COOL_TIME_LIST = 53945
S_DUNGEON_EVENT_MESSAGE = 31435
S_EACH_SKILL_RESULT = 42715
S_ENABLE_DISABLE_SELLABLE_ITEM_LIST = 21726
S_END_CHANGE_USER_APPEARANCE = 37346
S_END_USER_PROJECTILE = 51799
S_EXIT = 44697
S_FEARMOVE_END = 29946
S_FEARMOVE_STAGE = 45420
S_FIN_INTER_PARTY_MATCH = 30211
S_FONT_SWAP_INFO = 28305
S_FRIEND_LIST = 42624
S_GACHA_END = 54374
S_GACHA_START = 45500
S_GET_USER_GUILD_LOGO = 26917
S_GET_USER_LIST = 28991
S_GRANT_SKILL = 45799
S_GUILD_INFO = 24444
S_GUILD_MEMBER_LIST = 32975
S_GUILD_NAME = 58126
S_GUILD_STORE_SELL_LIST = 48187
S_GUILD_TOWER_INFO = 49012
S_HOLD_ABNORMALITY_ADD = 37050
S_IMAGE_DATA = 33475
S_INSTANT_DASH = 62163
S_INSTANT_MOVE = 24547
S_INVEN = 20763
S_INVEN_CHANGEDSLOT = 44557
S_ITEM_COLORING_BAG = 54724
S_ITEM_CUSTOM_STRING = 47026
S_JOIN_PRIVATE_CHANNEL = 42671
S_LEAVE_PARTY = 26684
S_LEAVE_PARTY_MEMBER = 40849
S_LEAVE_PRIVATE_CHANNEL = 23649
S_LOADING_SCREEN_CONTROL_INFO = 39202
S_LOAD_CLIENT_ACCOUNT_SETTING = 53288
S_LOAD_CLIENT_USER_SETTING = 35488
S_LOAD_TELEPORT_TO_POS_LIST = 20278
S_LOAD_TOPO = 61620
S_LOGIN = 23836
S_LOGIN_ACCOUNT_INFO = 51734
S_LOGOUT_PARTY_MEMBER = 46330
S_MOUNT_VEHICLE = 52575
S_MOUNT_VEHICLE_EX = 51308
S_NOTIFY_TO_FRIENDS_WALK_INTO_SAME_AREA = 59131
S_NPC_LOCATION = 41971
S_NPC_MENU_SELECT = 29694
S_NPC_OCCUPIER_INFO = 35465
S_NPC_STATUS = 38128
S_NPC_TARGET_USER = 44188
S_OPEN_AWESOMIUM_WEB_URL = 26711
S_OTHER_USER_APPLY_PARTY = 64195
S_PARTY_INFO = 28434
S_PARTY_MARKER = 21708
S_PARTY_MATCH_LINK = 44792
S_PARTY_MEMBER_ABNORMAL_ADD = 33590
S_PARTY_MEMBER_ABNORMAL_CLEAR = 20615
S_PARTY_MEMBER_ABNORMAL_DEL = 42774
S_PARTY_MEMBER_ABNORMAL_REFRESH = 53718
S_PARTY_MEMBER_BUFF_UPDATE = 51198
S_PARTY_MEMBER_CHANGE_HP = 51950
S_PARTY_MEMBER_CHANGE_MP = 43897
S_PARTY_MEMBER_INFO = 27260
S_PARTY_MEMBER_INTERVAL_POS_UPDATE = 20557
S_PARTY_MEMBER_LIST = 43789
S_PARTY_MEMBER_STAT_UPDATE = 56743
S_PCBANGINVENTORY_DATALIST = 24681
S_PING = 61637
S_PLAYER_CHANGE_ALL_PROF = 32019
S_PLAYER_CHANGE_EXP = 30243
S_PLAYER_CHANGE_FLIGHT_ENERGY = 40220
S_PLAYER_CHANGE_MP = 52921
S_PLAYER_CHANGE_PROF = 54473
S_PLAYER_CHANGE_STAMINA = 23079
S_PLAYER_STAT_UPDATE = 32220
S_PLAY_MOVIE = 42098
S_POINT_STORE_SELL_LIST = 58770
S_PREPARE_CHANGE_USER_APPEARANCE = 48534
S_PREPARE_EXIT = 27772
S_PREPARE_RETURN_TO_LOBBY = 51095
S_PREPARE_SELECT_CHANNEL = 45732
S_PRIVATE_CHAT = 63643
S_PRODUCE_CRITICAL = 64911
S_QUEST_BALLOON = 60564
S_QUEST_INFO = 25173
S_REGISTER_ENCHANT_ITEM = 28819
S_REGISTER_UPGRADE_ITEM = 20099
S_REJECT_CONTRACT = 50210
S_REPLY_NONDB_ITEM_INFO = 22019
S_REPLY_REQUEST_CONTRACT = 58328
S_REQUEST_CONTRACT = 49856
S_REQUEST_PRIVATE_CHANNEL_INFO = 51159
S_REQUEST_STYLE_SHOP_MARK_PRODUCTLIST = 41416
S_RESPONSE_GAMESTAT_PONG = 39467
S_RESULT_BIDDING_DICE_THROW = 21400
S_RESULT_ITEM_BIDDING = 24472
S_RETURN_TO_LOBBY = 57881
S_SEND_VIP_SYSTEM_INFO = 28653
S_SHOW_HP = 51193
S_SHOW_PARTY_MATCH_INFO = 42749
S_SHOW_PCBANG_ICON = 53479
S_SHOW_PEGASUS_MAP = 43615
S_SKILL_LIST = 42060
S_SOCIAL = 24378
S_SPAWN_BONFIRE = 48457
S_SPAWN_BUILD_OBJECT = 41962
S_SPAWN_COLLECTION = 61702
S_SPAWN_DOOR = 64632
S_SPAWN_DROPITEM = 35408
S_SPAWN_ME = 38631
S_SPAWN_NPC = 55268
S_SPAWN_PROJECTILE = 59966
S_SPAWN_SHUTTLE = 63834
S_SPAWN_USER = 20353
S_SPAWN_WORKOBJECT = 49684
S_START_ACTION_SCRIPT = 23391
S_START_CHANGE_USER_APPEARANCE = 50691
S_START_COOLTIME_ITEM = 63878
S_START_COOLTIME_SKILL = 46525
S_START_PRODUCE = 48241
S_START_USER_PROJECTILE = 56440
S_STORE_SELL_LIST = 40372
S_SUCCESS_COUNTER = 53488
S_SYSTEM_MESSAGE = 48959
S_SYSTEM_MESSAGE_LOOT_ITEM = 27365
S_SYSTEM_MESSAGE_LOOT_SPECIAL_ITEM = 49469
S_TARGET_INFO = 47625
S_TELEPORT_TO_CAMP = 27912
S_TRADE_BROKER_DEAL_INFO_UPDATE = 47020
S_TRADE_BROKER_DEAL_SUGGESTED = 43608
S_TRADE_BROKER_REQUEST_DEAL_RESULT = 43091
S_TRADE_BROKER_SUGGEST_DEAL = 53887
S_TRADE_BROKER_WAITING_ITEM_LIST = 23772
S_UNICAST_TRANSFORM_DATA = 34041
S_UNMOUNT_VEHICLE = 37699
S_UNMOUNT_VEHICLE_EX = 27554
S_UPDATE_ACHIEVEMENT_PROGRESS = 45939
S_UPDATE_GUILD_QUEST_STATUS = 28189
S_UPDATE_NPCGUILD = 30796
S_UPDATE_PRODUCE = 57365
S_USER_EFFECT = 24149
S_USER_EXTERNAL_CHANGE = 61386
S_USER_LEVELUP = 47639
S_USER_LOCATION = 63397
S_USER_LOCATION_IN_ACTION = 36576
S_USER_PAPERDOLL_INFO = 45868
S_USER_SITUATION = 45306
S_USER_STATUS = 59057
S_VILLAGE_LIST_TO_TELEPORT = 63503
S_VISIT_NEW_SECTION = 22122
S_WEAK_POINT = 27794
S_WHISPER = 53085