C_ADD_TELEPORT_TO_POS_LIST = 51043
C_ADMIN = 49442
C_ASK_INTERACTIVE = 32403
C_BIND_ITEM_BEGIN_PROGRESS = 28647
C_BIND_ITEM_EXECUTE = 58377
C_BLOCK_USER = 48133
C_CANCEL_CHANGE_USER_APPEARANCE = 46324
C_CANCEL_CONTRACT = 32432
C_CANCEL_SKILL = 52238
C_CAN_LOCKON_TARGET = 26841
C_CHANGE_EQUIP_PRESET = 36987
C_CHANGE_PARTY_MANAGER = 59501
C_CHANGE_PARTY_MEMBER_AUTHORITY = 39739
C_CHANGE_USER_LOBBY_SLOT_ID = 54288
C_CHAT = 20173
C_CHECK_EVENT_MATCHING_LIST_CHECKBOX = 35619
C_CHECK_VERSION = 19900
C_COMMIT_ACCESSORY_TRANSFORM = 62656
C_COMMIT_CHANGE_USER_APPEARANCE = 57794
C_COMPLETE_DAILY_EVENT = 42975
C_COMPLETE_EXTRA_EVENT = 31657
C_CREST_APPLY = 44075
C_CREST_APPLY_LIST = 54857
C_DELETE_FRIEND = 50439
C_DELETE_PARCEL = 42560
C_DELETE_TELEPORT_TO_POS_LIST = 27198
C_DELETE_USER = 49782
C_DEL_ITEM = 34706
C_DIALOG = 23200
C_END_MOVIE = 58034
C_EXIT = 20354
C_GACHA_TRY = 60439
C_GET_USER_LIST = 20004
C_HIT_USER_PROJECTILE = 50540
C_INVITE_USER_TO_GUILD = 38359
C_ITEM_COLORING_SET_COLOR = 27092
C_LEAVE_PRIVATE_CHANNEL = 37129
C_LIST_PARCEL = 57091
C_LOAD_TOPO_FIN = 22915
C_LOGIN_ARBITER = 53491
C_MEET_BOSS_INFO = 46944
C_MERGE_ITEM = 38121
C_NOTIFY_LOCATION_IN_ACTION = 40159
C_NOTIFY_LOCATION_IN_DASH = 42864
C_NOTIMELINE_SKILL = 54751
C_NPC_CONTACT = 33551
C_OP_COMMAND = 51469
C_PARTY_APPLICATION_DENIED = 46199
C_PCBANGINVENTORY_USE_SLOT = 22855
C_PLAYER_FLYING_LOCATION = 55336
C_PLAYER_LOCATION = 30704
C_PONG = 35496
C_PRESS_SKILL = 55095
C_RECV_PARCEL = 23333
C_REGISTER_ENCHANT_ITEM = 57958
C_REGISTER_UPGRADE_ITEM = 45544
C_REMOVE_BLOCKED_USER = 48148
C_REPLY_THROUGH_ARBITER_CONTRACT = 41515
C_REQUEST_ACCESSORY_COST_INFO = 36295
C_REQUEST_BOSS_GAGE_INFO = 48267
C_REQUEST_CONTRACT = 37554
C_REQUEST_ENCHANT = 27554
C_REQUEST_GAMESTAT_PING = 55455
C_REQUEST_GUILD_INFO = 24934
C_REQUEST_MY_PARTY_MATCH_INFO = 45740
C_REQUEST_NONDB_ITEM_INFO = 21405
C_REQUEST_PARTY_INFO = 39465
C_REQUEST_PARTY_MATCH_INFO = 32245
C_REQUEST_PARTY_MATCH_INFO_PAGE = 39988
C_REQUEST_PRIVATE_CHANNEL_INFO = 59233
C_REQUEST_RECV_DAILY_TOKEN = 23030
C_REQUEST_UPGRADE = 35383
C_REQUEST_USER_PAPERDOLL_INFO = 46095
C_REQUEST_USER_PAPERDOLL_INFO_WITH_GAMEID = 24736
C_RESET_ALL_DUNGEON = 46150
C_RETURN_TO_LOBBY = 58401
C_REVIVE_NOW = 23350
C_SAVE_CLIENT_ACCOUNT_SETTING = 63332
C_SAVE_CLIENT_USER_SETTING = 59448
C_SELECT_CHANNEL = 47682
C_SELECT_EVENT_MATCHING = 49472
C_SELECT_USER = 50174
C_SET_VISIBLE_RANGE = 28319
C_SHOW_INVEN = 61960
C_SHOW_ITEM_TOOLTIP_EX = 35377
C_SHOW_PARCEL_MESSAGE = 58365
C_SOCIAL = 50301
C_START_COMBO_INSTANT_SKILL = 59664
C_START_ENCHANT = 24967
C_START_INSTANCE_SKILL = 31291
C_START_INSTANCE_SKILL_EX = 56455
C_START_PRODUCE = 33923
C_START_SKILL = 58110
C_START_TARGETED_SKILL = 43558
C_START_UPGRADE = 22092
C_TELEPORT_TO_POS = 55993
C_TELEPORT_TO_VILLAGE = 53278
C_TRADE_BROKER_BUY_IT_NOW = 24562
C_TRADE_BROKER_DEAL_CONFIRM = 30478
C_TRADE_BROKER_REJECT_SUGGEST = 24768
C_TRADE_BROKER_SUGGEST_DEAL = 54759
C_TRADE_BROKER_WAITING_ITEM_LIST_NEW = 38392
C_TRADE_BROKER_WAITING_ITEM_LIST_PAGE = 30076
C_TRY_LOOT_DROPITEM = 48500
C_UNREGISTER_ENCHANT_ITEM = 52876
C_UNREGISTER_UPGRADE_ITEM = 58455
C_USE_ITEM = 33828
C_VISIT_NEW_SECTION = 60824
C_WHISPER = 20696
S_ABNORMALITY_BEGIN = 50827
S_ABNORMALITY_DAMAGE_ABSORB = 46133
S_ABNORMALITY_END = 53704
S_ABNORMALITY_FAIL = 57587
S_ABNORMALITY_REFRESH = 23302
S_ACCEPT_CONTRACT = 40631
S_ACCOMPLISH_ACHIEVEMENT = 26048
S_ACCOUNT_PACKAGE_LIST = 30866
S_ACTION_END = 61210
S_ACTION_STAGE = 26719
S_ADD_BLOCKED_USER = 45862
S_ADMIN_HOLD_CHARACTER = 50402
S_AERO = 54511
S_AIR_REACTION_END = 55848
S_ANSWER_INTERACTIVE = 27118
S_APPLY_TITLE = 62031
S_AVAILABLE_EVENT_MATCHING_LIST = 22434
S_BAN_PARTY = 22362
S_BAN_PARTY_MEMBER = 51527
S_BATTLE_FIELD_ENTRANCE_INFO = 38885
S_BATTLE_FIELD_POINT_STORE_SELL_LIST = 60474
S_BEGIN_THROUGH_ARBITER_CONTRACT = 63925
S_BOSS_GAGE_INFO = 34343
S_CANCEL_CONTRACT = 60909
S_CANNOT_START_SKILL = 31369
S_CANT_FLY_ANYMORE = 33584
S_CAN_LOCKON_TARGET = 22082
S_CHANGE_DESTPOS_PROJECTILE = 51303
S_CHANGE_PARTY_MANAGER = 60947
S_CHANGE_VOICE_USE_QAC = 52777
S_CHAT = 57305
S_CHECK_TO_READY_PARTY = 39750
S_CHECK_TO_READY_PARTY_FIN = 46643
S_CHECK_VERSION = 19901
S_CLEAR_ALL_HOLDED_ABNORMALITY = 62858
S_COLLECTION_PICKEND = 20347
S_COMMIT_ACCESSORY_TRANSFORM_RESULT = 47074
S_COMPLETE_EVENT_MATCHING_QUEST = 61444
S_CREATE_USER = 61030
S_CREATURE_CHANGE_HP = 29412
S_CREATURE_LIFE = 24679
S_CREATURE_ROTATE = 32534
S_CREST_APPLY = 27447
S_CREST_INFO = 35967
S_CREST_MESSAGE = 45634
S_CURRENT_CHANNEL = 50337
S_DEAD_LOCATION = 24681
S_DECREASE_COOLTIME_SKILL = 39032
S_DEFEND_SUCCESS = 26115
S_DESPAWN_BONFIRE = 42071
S_DESPAWN_BUILD_OBJECT = 36786
S_DESPAWN_COLLECTION = 50963
S_DESPAWN_DROPITEM = 24287
S_DESPAWN_NPC = 51834
S_DESPAWN_PROJECTILE = 30302
S_DESPAWN_USER = 44587
S_DIALOG = 57903
S_DUNGEON_CAMERA_SET = 44951
S_DUNGEON_COOL_TIME_LIST = 56842
S_DUNGEON_EVENT_MESSAGE = 45069
S_EACH_SKILL_RESULT = 58834
S_ENABLE_DISABLE_SELLABLE_ITEM_LIST = 59620
S_END_CHANGE_USER_APPEARANCE = 29476
S_END_USER_PROJECTILE = 51495
S_EXIT = 24923
S_FEARMOVE_END = 56486
S_FEARMOVE_STAGE = 22802
S_FIN_INTER_PARTY_MATCH = 41485
S_FONT_SWAP_INFO = 58357
S_FRIEND_LIST = 50810
S_GACHA_END = 60456
S_GACHA_START = 55213
S_GET_USER_GUILD_LOGO = 57627
S_GET_USER_LIST = 34223
S_GRANT_SKILL = 52579
S_GUILD_INFO = 65162
S_GUILD_MEMBER_LIST = 28170
S_GUILD_NAME = 31709
S_GUILD_STORE_SELL_LIST = 34867
S_GUILD_TOWER_INFO = 40813
S_HOLD_ABNORMALITY_ADD = 38734
S_IMAGE_DATA = 39553
S_INSTANT_DASH = 60876
S_INSTANT_MOVE = 20266
S_INVEN = 52152
S_INVEN_CHANGEDSLOT = 48147
S_ITEM_COLORING_BAG = 23464
S_ITEM_CUSTOM_STRING = 30918
S_ITEM_TRANSFORM_DATA = 57052
S_JOIN_PRIVATE_CHANNEL = 25941
S_LEAVE_PARTY = 51199
S_LEAVE_PARTY_MEMBER = 47687
S_LEAVE_PRIVATE_CHANNEL = 40458
S_LIST_PARCEL_EX = 33348
S_LOADING_SCREEN_CONTROL_INFO = 52145
S_LOAD_CLIENT_ACCOUNT_SETTING = 39872
S_LOAD_CLIENT_USER_SETTING = 23943
S_LOAD_TELEPORT_TO_POS_LIST = 34063
S_LOAD_TOPO = 62882
S_LOGIN = 64855
S_LOGIN_ACCOUNT_INFO = 31811
S_LOGOUT_PARTY_MEMBER = 30084
S_MOUNT_VEHICLE = 36946
S_MOUNT_VEHICLE_EX = 44177
S_NOTIFY_TO_FRIENDS_WALK_INTO_SAME_AREA = 39934
S_NPC_LOCATION = 58459
S_NPC_MENU_SELECT = 54380
S_NPC_OCCUPIER_INFO = 46027
S_NPC_STATUS = 41072
S_NPC_TARGET_USER = 35456
S_OPEN_AWESOMIUM_WEB_URL = 22518
S_OTHER_USER_APPLY_PARTY = 27488
S_PARCEL_READ_RECV_STATUS = 43921
S_PARTY_INFO = 46591
S_PARTY_MARKER = 40886
S_PARTY_MATCH_LINK = 36487
S_PARTY_MEMBER_ABNORMAL_ADD = 49657
S_PARTY_MEMBER_ABNORMAL_CLEAR = 39037
S_PARTY_MEMBER_ABNORMAL_DEL = 29602
S_PARTY_MEMBER_ABNORMAL_REFRESH = 62112
S_PARTY_MEMBER_BUFF_UPDATE = 63359
S_PARTY_MEMBER_CHANGE_HP = 38031
S_PARTY_MEMBER_CHANGE_MP = 52532
S_PARTY_MEMBER_INFO = 36429
S_PARTY_MEMBER_INTERVAL_POS_UPDATE = 20214
S_PARTY_MEMBER_LIST = 41959
S_PARTY_MEMBER_STAT_UPDATE = 36802
S_PCBANGINVENTORY_DATALIST = 56340
S_PING = 28676
S_PLAYER_CHANGE_ALL_PROF = 31495
S_PLAYER_CHANGE_EXP = 52180
S_PLAYER_CHANGE_FLIGHT_ENERGY = 58167
S_PLAYER_CHANGE_MP = 38251
S_PLAYER_CHANGE_PROF = 30343
S_PLAYER_CHANGE_STAMINA = 65401
S_PLAYER_STAT_UPDATE = 20123
S_PLAY_MOVIE = 20343
S_POINT_STORE_SELL_LIST = 20800
S_PREPARE_CHANGE_USER_APPEARANCE = 51943
S_PREPARE_EXIT = 30638
S_PREPARE_RETURN_TO_LOBBY = 23607
S_PREPARE_SELECT_CHANNEL = 60683
S_PRIVATE_CHAT = 26149
S_PRODUCE_CRITICAL = 59373
S_QUEST_BALLOON = 23780
S_QUEST_INFO = 34383
S_RECV_PARCEL = 30120
S_REGISTER_ENCHANT_ITEM = 46937
S_REGISTER_UPGRADE_ITEM = 46661
S_REJECT_CONTRACT = 47218
S_REPLY_NONDB_ITEM_INFO = 36825
S_REPLY_REQUEST_CONTRACT = 32190
S_REQUEST_CONTRACT = 45817
S_REQUEST_PRIVATE_CHANNEL_INFO = 29794
S_REQUEST_STYLE_SHOP_MARK_PRODUCTLIST = 47111
S_RESPONSE_ACCESSORY_COST_INFO = 46023
S_RESPONSE_GAMESTAT_PONG = 60041
S_RESULT_BIDDING_DICE_THROW = 59437
S_RESULT_ITEM_BIDDING = 31281
S_RETURN_TO_LOBBY = 44379
S_SEND_VIP_SYSTEM_INFO = 47356
S_SHOW_AWESOMIUMWEB_SHOP = 21587
S_SHOW_HP = 61330
S_SHOW_PARCEL_MESSAGE = 63231
S_SHOW_PARTY_MATCH_INFO = 62663
S_SHOW_PCBANG_ICON = 49891
S_SHOW_PEGASUS_MAP = 37481
S_SKILL_LIST = 62823
S_SOCIAL = 29074
S_SPAWN_BONFIRE = 27063
S_SPAWN_BUILD_OBJECT = 31300
S_SPAWN_COLLECTION = 56872
S_SPAWN_DOOR = 50600
S_SPAWN_DROPITEM = 53632
S_SPAWN_ME = 26045
S_SPAWN_NPC = 32965
S_SPAWN_PROJECTILE = 44678
S_SPAWN_SHUTTLE = 58674
S_SPAWN_USER = 54087
S_SPAWN_WORKOBJECT = 32767
S_START_ACTION_SCRIPT = 42272
S_START_CHANGE_USER_APPEARANCE = 53030
S_START_COOLTIME_ITEM = 61139
S_START_COOLTIME_SKILL = 37611
S_START_PRODUCE = 26846
S_START_USER_PROJECTILE = 63959
S_STORE_SELL_LIST = 61303
S_SUCCESS_COUNTER = 63785
S_SYSTEM_MESSAGE = 23739
S_SYSTEM_MESSAGE_LOOT_ITEM = 39692
S_SYSTEM_MESSAGE_LOOT_SPECIAL_ITEM = 32158
S_TARGET_INFO = 36692
S_TELEPORT_TO_CAMP = 42380
S_TRADE_BROKER_DEAL_INFO_UPDATE = 49064
S_TRADE_BROKER_DEAL_SUGGESTED = 54180
S_TRADE_BROKER_REQUEST_DEAL_RESULT = 31726
S_TRADE_BROKER_SUGGEST_DEAL = 22115
S_TRADE_BROKER_WAITING_ITEM_LIST = 51809
S_UNICAST_TRANSFORM_DATA = 65431
S_UNMOUNT_VEHICLE = 32945
S_UNMOUNT_VEHICLE_EX = 51903
S_UPDATE_ACHIEVEMENT_PROGRESS = 42948
S_UPDATE_FRIEND_INFO = 24374
S_UPDATE_GUILD_QUEST_STATUS = 63765
S_UPDATE_NPCGUILD = 29915
S_UPDATE_PRODUCE = 24328
S_USER_BLOCK_LIST = 55613
S_USER_EFFECT = 51983
S_USER_EXTERNAL_CHANGE = 57796
S_USER_LEVELUP = 36157
S_USER_LOCATION = 43164
S_USER_LOCATION_IN_ACTION = 54350
S_USER_PAPERDOLL_INFO = 62177
S_USER_SITUATION = 30342
S_USER_STATUS = 25726
S_VILLAGE_LIST_TO_TELEPORT = 53783
S_VISIT_NEW_SECTION = 39919
S_WEAK_POINT = 31167
S_WHISPER = 55413
