C_ASK_INTERACTIVE = 54777
C_BIND_ITEM_BEGIN_PROGRESS = 26682
C_BIND_ITEM_EXECUTE = 51673
C_BLOCK_USER = 24731
C_CANCEL_CHANGE_USER_APPEARANCE = 44523
C_CANCEL_CONTRACT = 25935
C_CANCEL_SKILL = 41721
C_CAN_LOCKON_TARGET = 49780
C_CHANGE_PARTY_MANAGER = 41808
C_CHANGE_PARTY_MEMBER_AUTHORITY = 42374
C_CHAT = 37562
C_CHECK_VERSION = 19900
C_COMMIT_CHANGE_USER_APPEARANCE = 24385
C_CREST_APPLY = 48825
C_CREST_APPLY_LIST = 50205
C_DELETE_FRIEND = 25073
C_DIALOG = 26588
C_END_MOVIE = 38915
C_GACHA_TRY = 24324
C_GET_USER_LIST = 49145
C_INVITE_USER_TO_GUILD = 25763
C_LEAVE_PRIVATE_CHANNEL = 48220
C_LOAD_TOPO_FIN = 61524
C_LOGIN_ARBITER = 52297
C_NOTIFY_LOCATION_IN_ACTION = 31694
C_NOTIFY_LOCATION_IN_DASH = 50865
C_NOTIMELINE_SKILL = 40027
C_NPC_CONTACT = 29757
C_PARTY_APPLICATION_DENIED = 39590
C_PCBANGINVENTORY_USE_SLOT = 55753
C_PLAYER_LOCATION = 59703
C_PRESS_SKILL = 21425
C_REGISTER_ENCHANT_ITEM = 39525
C_REGISTER_UPGRADE_ITEM = 21014
C_REMOVE_BLOCKED_USER = 23193
C_REPLY_THROUGH_ARBITER_CONTRACT = 53653
C_REQUEST_CONTRACT = 20828
C_REQUEST_ENCHANT = 28179
C_REQUEST_GAMESTAT_PING = 64405
C_REQUEST_NONDB_ITEM_INFO = 61645
C_REQUEST_PARTY_INFO = 30139
C_REQUEST_PRIVATE_CHANNEL_INFO = 44846
C_REQUEST_UPGRADE = 27293
C_REQUEST_USER_PAPERDOLL_INFO = 30767
C_RESET_ALL_DUNGEON = 25246
C_RETURN_TO_LOBBY = 49805
C_REVIVE_NOW = 46447
C_SAVE_CLIENT_ACCOUNT_SETTING = 60128
C_SAVE_CLIENT_USER_SETTING = 45689
C_SELECT_USER = 52913
C_SHOW_INVEN = 34262
C_SHOW_ITEM_TOOLTIP_EX = 23782
C_SOCIAL = 48030
C_START_COMBO_INSTANT_SKILL = 61913
C_START_ENCHANT = 37230
C_START_INSTANCE_SKILL = 28558
C_START_INSTANCE_SKILL_EX = 39336
C_START_PRODUCE = 33915
C_START_SKILL = 63060
C_START_TARGETED_SKILL = 52903
C_START_UPGRADE = 41595
C_TRADE_BROKER_BUY_IT_NOW = 51720
C_TRADE_BROKER_DEAL_CONFIRM = 31816
C_TRADE_BROKER_REJECT_SUGGEST = 30911
C_TRADE_BROKER_SUGGEST_DEAL = 51302
C_TRADE_BROKER_WAITING_ITEM_LIST_NEW = 43779
C_TRADE_BROKER_WAITING_ITEM_LIST_PAGE = 48657
C_UNREGISTER_ENCHANT_ITEM = 30724
C_UNREGISTER_UPGRADE_ITEM = 21179
C_USE_ITEM = 34859
C_VISIT_NEW_SECTION = 63704
C_WHISPER = 38222
S_ABNORMALITY_BEGIN = 53469
S_ABNORMALITY_DAMAGE_ABSORB = 35024
S_ABNORMALITY_END = 39454
S_ABNORMALITY_FAIL = 32539
S_ABNORMALITY_REFRESH = 25826
S_ACCEPT_CONTRACT = 58778
S_ACCOMPLISH_ACHIEVEMENT = 26841
S_ACCOUNT_PACKAGE_LIST = 64482
S_ACTION_END = 32444
S_ACTION_STAGE = 50562
S_ADMIN_HOLD_CHARACTER = 58849
S_AERO = 57573
S_ANSWER_INTERACTIVE = 61288
S_AVAILABLE_EVENT_MATCHING_LIST = 65362
S_BAN_PARTY = 31669
S_BAN_PARTY_MEMBER = 60951
S_BATTLE_FIELD_ENTRANCE_INFO = 63041
S_BATTLE_FIELD_POINT_STORE_SELL_LIST = 51877
S_BEGIN_THROUGH_ARBITER_CONTRACT = 26934
S_BOSS_GAGE_INFO = 32741
S_CANCEL_CONTRACT = 51692
S_CANNOT_START_SKILL = 21973
S_CAN_LOCKON_TARGET = 54373
S_CHANGE_DESTPOS_PROJECTILE = 24674
S_CHANGE_PARTY_MANAGER = 57159
S_CHANGE_VOICE_USE_QAC = 47930
S_CHAT = 36681
S_CHECK_TO_READY_PARTY = 58739
S_CHECK_TO_READY_PARTY_FIN = 57093
S_CLEAR_ALL_HOLDED_ABNORMALITY = 29162
S_COLLECTION_PICKEND = 50703
S_CREATURE_CHANGE_HP = 58060
S_CREATURE_LIFE = 33724
S_CREATURE_ROTATE = 53749
S_CREST_APPLY = 52803
S_CREST_INFO = 45644
S_CREST_MESSAGE = 58145
S_DEAD_LOCATION = 39746
S_DECREASE_COOLTIME_SKILL = 33073
S_DEFEND_SUCCESS = 29823
S_DESPAWN_COLLECTION = 38273
S_DESPAWN_NPC = 52279
S_DESPAWN_USER = 26580
S_DIALOG = 42125
S_DUNGEON_COOL_TIME_LIST = 26303
S_DUNGEON_EVENT_MESSAGE = 25391
S_EACH_SKILL_RESULT = 27768
S_ENABLE_DISABLE_SELLABLE_ITEM_LIST = 50919
S_END_CHANGE_USER_APPEARANCE = 22867
S_EXIT = 27597
S_FEARMOVE_END = 37314
S_FEARMOVE_STAGE = 20215
S_FIN_INTER_PARTY_MATCH = 44849
S_FONT_SWAP_INFO = 57804
S_FRIEND_LIST = 25358
S_GACHA_END = 59025
S_GACHA_START = 47501
S_GET_USER_GUILD_LOGO = 38538
S_GET_USER_LIST = 29007
S_GRANT_SKILL = 38334
S_GUILD_NAME = 36620
S_GUILD_STORE_SELL_LIST = 38581
S_GUILD_TOWER_INFO = 52213
S_HOLD_ABNORMALITY_ADD = 63197
S_IMAGE_DATA = 62874
S_INSTANT_DASH = 27035
S_INSTANT_MOVE = 45015
S_INVEN = 51575
S_INVEN_CHANGEDSLOT = 28792
S_ITEM_CUSTOM_STRING = 20812
S_JOIN_PRIVATE_CHANNEL = 58513
S_LEAVE_PARTY = 61547
S_LEAVE_PARTY_MEMBER = 36010
S_LEAVE_PRIVATE_CHANNEL = 34173
S_LOADING_SCREEN_CONTROL_INFO = 41519
S_LOAD_CLIENT_ACCOUNT_SETTING = 53787
S_LOAD_CLIENT_USER_SETTING = 63140
S_LOAD_TOPO = 47479
S_LOGIN = 51069
S_LOGOUT_PARTY_MEMBER = 51965
S_MOUNT_VEHICLE = 21572
S_MOUNT_VEHICLE_EX = 53296
S_NOTIFY_TO_FRIENDS_WALK_INTO_SAME_AREA = 20474
S_NPC_LOCATION = 59147
S_NPC_MENU_SELECT = 44594
S_NPC_OCCUPIER_INFO = 65165
S_NPC_STATUS = 53632
S_NPC_TARGET_USER = 39803
S_OTHER_USER_APPLY_PARTY = 24907
S_PARTY_INFO = 51646
S_PARTY_MATCH_LINK = 59705
S_PARTY_MEMBER_ABNORMAL_ADD = 58026
S_PARTY_MEMBER_ABNORMAL_CLEAR = 63705
S_PARTY_MEMBER_ABNORMAL_DEL = 28121
S_PARTY_MEMBER_ABNORMAL_REFRESH = 24186
S_PARTY_MEMBER_BUFF_UPDATE = 31426
S_PARTY_MEMBER_CHANGE_HP = 20992
S_PARTY_MEMBER_CHANGE_MP = 23710
S_PARTY_MEMBER_INFO = 44364
S_PARTY_MEMBER_INTERVAL_POS_UPDATE = 37734
S_PARTY_MEMBER_LIST = 29401
S_PARTY_MEMBER_STAT_UPDATE = 28650
S_PCBANGINVENTORY_DATALIST = 20088
S_PLAYER_CHANGE_ALL_PROF = 39721
S_PLAYER_CHANGE_EXP = 58471
S_PLAYER_CHANGE_FLIGHT_ENERGY = 45443
S_PLAYER_CHANGE_MP = 34044
S_PLAYER_CHANGE_PROF = 35873
S_PLAYER_CHANGE_STAMINA = 30330
S_PLAYER_STAT_UPDATE = 21101
S_PLAY_MOVIE = 38636
S_POINT_STORE_SELL_LIST = 45122
S_PREPARE_RETURN_TO_LOBBY = 41251
S_PRIVATE_CHAT = 55817
S_PRODUCE_CRITICAL = 62588
S_QUEST_BALLOON = 44090
S_QUEST_INFO = 20248
S_REGISTER_ENCHANT_ITEM = 53500
S_REGISTER_UPGRADE_ITEM = 34162
S_REJECT_CONTRACT = 32801
S_REPLY_REQUEST_CONTRACT = 47951
S_REQUEST_CONTRACT = 58173
S_REQUEST_PRIVATE_CHANNEL_INFO = 28848
S_RESPONSE_GAMESTAT_PONG = 64443
S_RESULT_BIDDING_DICE_THROW = 64575
S_RESULT_ITEM_BIDDING = 51293
S_RETURN_TO_LOBBY = 32079
S_SHOW_HP = 51181
S_SHOW_PEGASUS_MAP = 50672
S_SKILL_LIST = 26306
S_SOCIAL = 60808
S_SPAWN_BONFIRE = 28490
S_SPAWN_COLLECTION = 44518
S_SPAWN_DOOR = 29813
S_SPAWN_DROPITEM = 36799
S_SPAWN_ME = 50798
S_SPAWN_NPC = 60284
S_SPAWN_PROJECTILE = 54536
S_SPAWN_SHUTTLE = 57959
S_SPAWN_USER = 46246
S_SPAWN_WORKOBJECT = 64799
S_START_CHANGE_USER_APPEARANCE = 55295
S_START_COOLTIME_ITEM = 64023
S_START_COOLTIME_SKILL = 48044
S_START_PRODUCE = 46548
S_START_USER_PROJECTILE = 50004
S_STORE_SELL_LIST = 63422
S_SUCCESS_COUNTER = 55862
S_SYSTEM_MESSAGE = 43587
S_SYSTEM_MESSAGE_LOOT_ITEM = 59195
S_SYSTEM_MESSAGE_LOOT_SPECIAL_ITEM = 37045
S_TARGET_INFO = 58997
S_TELEPORT_TO_CAMP = 31075
S_TRADE_BROKER_DEAL_INFO_UPDATE = 23538
S_TRADE_BROKER_DEAL_SUGGESTED = 59487
S_TRADE_BROKER_REQUEST_DEAL_RESULT = 56204
S_TRADE_BROKER_SUGGEST_DEAL = 34714
S_TRADE_BROKER_WAITING_ITEM_LIST = 50644
S_UNICAST_TRANSFORM_DATA = 49898
S_UNMOUNT_VEHICLE = 41190
S_UNMOUNT_VEHICLE_EX = 59627
S_UPDATE_ACHIEVEMENT_PROGRESS = 29218
S_UPDATE_FRIEND_INFO = 44123
S_UPDATE_NPCGUILD = 30034
S_UPDATE_PRODUCE = 48795
S_USER_BLOCK_LIST = 21997
S_USER_EFFECT = 62967
S_USER_EXTERNAL_CHANGE = 26766
S_USER_LEVELUP = 42745
S_USER_LOCATION = 34709
S_USER_LOCATION_IN_ACTION = 47383
S_USER_SITUATION = 57717
S_USER_STATUS = 43148
S_VISIT_NEW_SECTION = 36712
S_WEAK_POINT = 51842
S_WHISPER = 25332
