C_ASK_INTERACTIVE = 37685
C_BIND_ITEM_BEGIN_PROGRESS = 56794
C_BIND_ITEM_EXECUTE = 65509
C_BLOCK_USER = 41300
C_CANCEL_CHANGE_USER_APPEARANCE = 60949
C_CANCEL_CONTRACT = 42794
C_CANCEL_SKILL = 51292
C_CAN_LOCKON_TARGET = 34690
C_CHANGE_PARTY_MANAGER = 55731
C_CHANGE_PARTY_MEMBER_AUTHORITY = 22994
C_CHAT = 46598
C_CHECK_VERSION = 19900
C_COMMIT_CHANGE_USER_APPEARANCE = 39406
C_CREST_APPLY = 29470
C_CREST_APPLY_LIST = 47248
C_DELETE_FRIEND = 60808
C_DIALOG = 22347
C_END_MOVIE = 43027
C_GACHA_TRY = 27691
C_GET_USER_LIST = 58094
C_INVITE_USER_TO_GUILD = 61111
C_LEAVE_PRIVATE_CHANNEL = 38614
C_LOAD_TOPO_FIN = 48905
C_LOGIN_ARBITER = 38403
C_NOTIFY_LOCATION_IN_ACTION = 39488
C_NOTIFY_LOCATION_IN_DASH = 23779
C_NOTIMELINE_SKILL = 42500
C_NPC_CONTACT = 35942
C_PARTY_APPLICATION_DENIED = 59686
C_PCBANGINVENTORY_USE_SLOT = 58480
C_PLAYER_LOCATION = 54366
C_PRESS_SKILL = 28624
C_REGISTER_ENCHANT_ITEM = 28472
C_REGISTER_UPGRADE_ITEM = 47496
C_REMOVE_BLOCKED_USER = 46985
C_REPLY_THROUGH_ARBITER_CONTRACT = 61539
C_REQUEST_CONTRACT = 20675
C_REQUEST_ENCHANT = 47656
C_REQUEST_GAMESTAT_PING = 49300
C_REQUEST_NONDB_ITEM_INFO = 39161
C_REQUEST_PARTY_INFO = 41457
C_REQUEST_PRIVATE_CHANNEL_INFO = 29729
C_REQUEST_UPGRADE = 39304
C_REQUEST_USER_PAPERDOLL_INFO = 48367
C_RESET_ALL_DUNGEON = 20694
C_RETURN_TO_LOBBY = 53376
C_REVIVE_NOW = 47302
C_SAVE_CLIENT_ACCOUNT_SETTING = 28276
C_SAVE_CLIENT_USER_SETTING = 34403
C_SELECT_USER = 36661
C_SHOW_INVEN = 34431
C_SHOW_ITEM_TOOLTIP_EX = 36076
C_SOCIAL = 45611
C_START_COMBO_INSTANT_SKILL = 27563
C_START_ENCHANT = 44683
C_START_INSTANCE_SKILL = 30621
C_START_INSTANCE_SKILL_EX = 57816
C_START_PRODUCE = 52649
C_START_SKILL = 33556
C_START_TARGETED_SKILL = 27766
C_START_UPGRADE = 45962
C_TRADE_BROKER_BUY_IT_NOW = 31524
C_TRADE_BROKER_DEAL_CONFIRM = 38122
C_TRADE_BROKER_REJECT_SUGGEST = 52796
C_TRADE_BROKER_SUGGEST_DEAL = 42121
C_TRADE_BROKER_WAITING_ITEM_LIST_NEW = 50446
C_TRADE_BROKER_WAITING_ITEM_LIST_PAGE = 23962
C_UNREGISTER_ENCHANT_ITEM = 24338
C_UNREGISTER_UPGRADE_ITEM = 56555
C_USE_ITEM = 49128
C_VISIT_NEW_SECTION = 60069
C_WHISPER = 22882
S_ABNORMALITY_BEGIN = 50081
S_ABNORMALITY_DAMAGE_ABSORB = 38241
S_ABNORMALITY_END = 61332
S_ABNORMALITY_FAIL = 62557
S_ABNORMALITY_REFRESH = 54886
S_ACCEPT_CONTRACT = 65306
S_ACCOMPLISH_ACHIEVEMENT = 25518
S_ACCOUNT_PACKAGE_LIST = 42816
S_ACTION_END = 53930
S_ACTION_STAGE = 43969
S_ADMIN_HOLD_CHARACTER = 52033
S_AERO = 38849
S_ANSWER_INTERACTIVE = 44281
S_AVAILABLE_EVENT_MATCHING_LIST = 61298
S_BAN_PARTY = 22020
S_BAN_PARTY_MEMBER = 62140
S_BATTLE_FIELD_ENTRANCE_INFO = 50353
S_BATTLE_FIELD_POINT_STORE_SELL_LIST = 24609
S_BEGIN_THROUGH_ARBITER_CONTRACT = 28311
S_BOSS_GAGE_INFO = 60497
S_CANCEL_CONTRACT = 55651
S_CANNOT_START_SKILL = 47475
S_CAN_LOCKON_TARGET = 55386
S_CHANGE_DESTPOS_PROJECTILE = 48429
S_CHANGE_PARTY_MANAGER = 58758
S_CHANGE_VOICE_USE_QAC = 53598
S_CHAT = 44304
S_CHECK_TO_READY_PARTY = 45853
S_CHECK_TO_READY_PARTY_FIN = 45356
S_CLEAR_ALL_HOLDED_ABNORMALITY = 51599
S_COLLECTION_PICKEND = 20027
S_CREATURE_CHANGE_HP = 54334
S_CREATURE_LIFE = 22810
S_CREATURE_ROTATE = 34110
S_CREST_APPLY = 23717
S_CREST_INFO = 50165
S_CREST_MESSAGE = 65105
S_DEAD_LOCATION = 35275
S_DECREASE_COOLTIME_SKILL = 42849
S_DEFEND_SUCCESS = 44389
S_DESPAWN_COLLECTION = 59988
S_DESPAWN_NPC = 42854
S_DESPAWN_USER = 40041
S_DIALOG = 55557
S_DUNGEON_COOL_TIME_LIST = 52970
S_DUNGEON_EVENT_MESSAGE = 49152
S_EACH_SKILL_RESULT = 49398
S_ENABLE_DISABLE_SELLABLE_ITEM_LIST = 30076
S_END_CHANGE_USER_APPEARANCE = 21736
S_EXIT = 64036
S_FEARMOVE_END = 37178
S_FEARMOVE_STAGE = 42862
S_FIN_INTER_PARTY_MATCH = 29251
S_FONT_SWAP_INFO = 31994
S_FRIEND_LIST = 37951
S_GACHA_END = 60106
S_GACHA_START = 36012
S_GET_USER_GUILD_LOGO = 22515
S_GET_USER_LIST = 49338
S_GRANT_SKILL = 21882
S_GUILD_NAME = 64437
S_GUILD_STORE_SELL_LIST = 63101
S_GUILD_TOWER_INFO = 30311
S_HOLD_ABNORMALITY_ADD = 41221
S_IMAGE_DATA = 27230
S_INSTANT_DASH = 21355
S_INSTANT_MOVE = 56621
S_INVEN = 41206
S_ITEM_CUSTOM_STRING = 32170
S_JOIN_PRIVATE_CHANNEL = 60608
S_LEAVE_PARTY = 20526
S_LEAVE_PARTY_MEMBER = 64285
S_LEAVE_PRIVATE_CHANNEL = 39683
S_LOAD_CLIENT_ACCOUNT_SETTING = 47883
S_LOAD_CLIENT_USER_SETTING = 40513
S_LOAD_TOPO = 22531
S_LOGIN = 56576
S_LOGOUT_PARTY_MEMBER = 36243
S_MOUNT_VEHICLE = 44769
S_MOUNT_VEHICLE_EX = 29393
S_NOTIFY_TO_FRIENDS_WALK_INTO_SAME_AREA = 22643
S_NPC_LOCATION = 48527
S_NPC_MENU_SELECT = 62082
S_NPC_OCCUPIER_INFO = 52398
S_NPC_STATUS = 61331
S_NPC_TARGET_USER = 22512
S_OTHER_USER_APPLY_PARTY = 42140
S_PARTY_INFO = 33422
S_PARTY_MATCH_LINK = 33182
S_PARTY_MEMBER_ABNORMAL_ADD = 41979
S_PARTY_MEMBER_ABNORMAL_CLEAR = 35457
S_PARTY_MEMBER_ABNORMAL_DEL = 46093
S_PARTY_MEMBER_ABNORMAL_REFRESH = 43094
S_PARTY_MEMBER_BUFF_UPDATE = 55121
S_PARTY_MEMBER_CHANGE_HP = 57726
S_PARTY_MEMBER_CHANGE_MP = 54915
S_PARTY_MEMBER_INFO = 47627
S_PARTY_MEMBER_INTERVAL_POS_UPDATE = 29792
S_PARTY_MEMBER_LIST = 40201
S_PARTY_MEMBER_STAT_UPDATE = 41215
S_PCBANGINVENTORY_DATALIST = 29801
S_PLAYER_CHANGE_ALL_PROF = 59871
S_PLAYER_CHANGE_EXP = 51476
S_PLAYER_CHANGE_FLIGHT_ENERGY = 28175
S_PLAYER_CHANGE_MP = 49179
S_PLAYER_CHANGE_PROF = 31729
S_PLAYER_CHANGE_STAMINA = 34830
S_PLAYER_STAT_UPDATE = 33571
S_PLAY_MOVIE = 20923
S_POINT_STORE_SELL_LIST = 34325
S_PREPARE_RETURN_TO_LOBBY = 54025
S_PRIVATE_CHAT = 61854
S_PRODUCE_CRITICAL = 46565
S_QUEST_BALLOON = 28342
S_QUEST_INFO = 51527
S_REGISTER_ENCHANT_ITEM = 51036
S_REGISTER_UPGRADE_ITEM = 63554
S_REJECT_CONTRACT = 48550
S_REPLY_REQUEST_CONTRACT = 27882
S_REQUEST_CONTRACT = 57349
S_REQUEST_PRIVATE_CHANNEL_INFO = 63460
S_RESPONSE_GAMESTAT_PONG = 29042
S_RESULT_BIDDING_DICE_THROW = 55417
S_RESULT_ITEM_BIDDING = 45386
S_RETURN_TO_LOBBY = 49316
S_SHOW_HP = 22400
S_SHOW_PEGASUS_MAP = 55580
S_SKILL_LIST = 46315
S_SOCIAL = 31407
S_SPAWN_BONFIRE = 50684
S_SPAWN_COLLECTION = 43419
S_SPAWN_DOOR = 36937
S_SPAWN_DROPITEM = 38190
S_SPAWN_ME = 42768
S_SPAWN_NPC = 65014
S_SPAWN_PROJECTILE = 58912
S_SPAWN_SHUTTLE = 56829
S_SPAWN_USER = 50913
S_SPAWN_WORKOBJECT = 39563
S_START_CHANGE_USER_APPEARANCE = 20958
S_START_COOLTIME_ITEM = 29009
S_START_COOLTIME_SKILL = 56350
S_START_PRODUCE = 56956
S_START_USER_PROJECTILE = 25554
S_STORE_SELL_LIST = 23760
S_SYSTEM_MESSAGE = 41461
S_SYSTEM_MESSAGE_LOOT_ITEM = 22887
S_SYSTEM_MESSAGE_LOOT_SPECIAL_ITEM = 52664
S_TARGET_INFO = 47072
S_TELEPORT_TO_CAMP = 43552
S_TRADE_BROKER_DEAL_INFO_UPDATE = 56000
S_TRADE_BROKER_DEAL_SUGGESTED = 58039
S_TRADE_BROKER_REQUEST_DEAL_RESULT = 25804
S_TRADE_BROKER_SUGGEST_DEAL = 59568
S_TRADE_BROKER_WAITING_ITEM_LIST = 56883
S_UNICAST_TRANSFORM_DATA = 33812
S_UNMOUNT_VEHICLE = 33330
S_UNMOUNT_VEHICLE_EX = 24961
S_UPDATE_FRIEND_INFO = 28796
S_UPDATE_NPCGUILD = 60448
S_UPDATE_PRODUCE = 26336
S_USER_BLOCK_LIST = 43530
S_USER_EFFECT = 29211
S_USER_EXTERNAL_CHANGE = 24179
S_USER_LEVELUP = 22783
S_USER_LOCATION = 59678
S_USER_SITUATION = 49430
S_USER_STATUS = 25026
S_VISIT_NEW_SECTION = 35520
S_WEAK_POINT = 34168
S_WHISPER = 24724
