C_ASK_INTERACTIVE = 23100
C_BIND_ITEM_BEGIN_PROGRESS = 49459
C_BIND_ITEM_EXECUTE = 31610
C_BLOCK_USER = 37014
C_CANCEL_CHANGE_USER_APPEARANCE = 58659
C_CANCEL_CONTRACT = 47100
C_CANCEL_SKILL = 38751
C_CAN_LOCKON_TARGET = 24657
C_CHANGE_PARTY_MANAGER = 60896
C_CHANGE_PARTY_MEMBER_AUTHORITY = 45330
C_CHAT = 48352
C_CHECK_VERSION = 19900
C_COMMIT_CHANGE_USER_APPEARANCE = 35048
C_CREST_APPLY = 44382
C_CREST_APPLY_LIST = 36067
C_DELETE_FRIEND = 25395
C_DIALOG = 53629
C_END_MOVIE = 27387
C_GACHA_TRY = 64865
C_GET_USER_LIST = 63866
C_INVITE_USER_TO_GUILD = 53223
C_LEAVE_PRIVATE_CHANNEL = 55422
C_LOAD_TOPO_FIN = 40971
C_LOGIN_ARBITER = 40250
C_NOTIFY_LOCATION_IN_ACTION = 20131
C_NOTIFY_LOCATION_IN_DASH = 46594
C_NOTIMELINE_SKILL = 44215
C_NPC_CONTACT = 59158
C_PARTY_APPLICATION_DENIED = 50585
C_PCBANGINVENTORY_USE_SLOT = 32357
C_PLAYER_LOCATION = 21689
C_PRESS_SKILL = 20519
C_REGISTER_ENCHANT_ITEM = 58858
C_REGISTER_UPGRADE_ITEM = 60245
C_REMOVE_BLOCKED_USER = 54083
C_REPLY_THROUGH_ARBITER_CONTRACT = 56322
C_REQUEST_CONTRACT = 45365
C_REQUEST_ENCHANT = 26821
C_REQUEST_GAMESTAT_PING = 62842
C_REQUEST_NONDB_ITEM_INFO = 55829
C_REQUEST_PARTY_INFO = 22973
C_REQUEST_PRIVATE_CHANNEL_INFO = 55226
C_REQUEST_UPGRADE = 35807
C_REQUEST_USER_PAPERDOLL_INFO = 43240
C_RESET_ALL_DUNGEON = 25239
C_RETURN_TO_LOBBY = 50325
C_REVIVE_NOW = 25861
C_SAVE_CLIENT_ACCOUNT_SETTING = 59189
C_SAVE_CLIENT_USER_SETTING = 60712
C_SELECT_USER = 58718
C_SHOW_INVEN = 45743
C_SHOW_ITEM_TOOLTIP_EX = 20449
C_SOCIAL = 58155
C_START_COMBO_INSTANT_SKILL = 25253
C_START_ENCHANT = 25901
C_START_INSTANCE_SKILL = 56881
C_START_INSTANCE_SKILL_EX = 34030
C_START_PRODUCE = 41128
C_START_SKILL = 26527
C_START_TARGETED_SKILL = 39426
C_START_UPGRADE = 22185
C_TRADE_BROKER_BUY_IT_NOW = 26947
C_TRADE_BROKER_DEAL_CONFIRM = 43338
C_TRADE_BROKER_REJECT_SUGGEST = 22299
C_TRADE_BROKER_SUGGEST_DEAL = 52633
C_TRADE_BROKER_WAITING_ITEM_LIST_NEW = 20127
C_TRADE_BROKER_WAITING_ITEM_LIST_PAGE = 23767
C_UNREGISTER_ENCHANT_ITEM = 25304
C_UNREGISTER_UPGRADE_ITEM = 40776
C_USE_ITEM = 31692
C_VISIT_NEW_SECTION = 52369
C_WHISPER = 51315
S_ABNORMALITY_BEGIN = 26869
S_ABNORMALITY_DAMAGE_ABSORB = 49284
S_ABNORMALITY_END = 61569
S_ABNORMALITY_FAIL = 41851
S_ABNORMALITY_REFRESH = 55696
S_ACCEPT_CONTRACT = 58392
S_ACCOMPLISH_ACHIEVEMENT = 45251
S_ACCOUNT_PACKAGE_LIST = 43448
S_ACTION_END = 56141
S_ACTION_STAGE = 46576
S_ADMIN_HOLD_CHARACTER = 51181
S_AERO = 35337
S_ANSWER_INTERACTIVE = 38382
S_AVAILABLE_EVENT_MATCHING_LIST = 37204
S_BAN_PARTY = 39247
S_BAN_PARTY_MEMBER = 42986
S_BATTLE_FIELD_ENTRANCE_INFO = 23530
S_BATTLE_FIELD_POINT_STORE_SELL_LIST = 20463
S_BEGIN_THROUGH_ARBITER_CONTRACT = 39055
S_BOSS_GAGE_INFO = 37199
S_CANCEL_CONTRACT = 44125
S_CANNOT_START_SKILL = 54728
S_CAN_LOCKON_TARGET = 59424
S_CHANGE_DESTPOS_PROJECTILE = 35522
S_CHANGE_PARTY_MANAGER = 22122
S_CHANGE_VOICE_USE_QAC = 25545
S_CHAT = 65518
S_CHECK_TO_READY_PARTY = 47553
S_CHECK_TO_READY_PARTY_FIN = 62602
S_CLEAR_ALL_HOLDED_ABNORMALITY = 43236
S_COLLECTION_PICKEND = 31807
S_CREATURE_CHANGE_HP = 35181
S_CREATURE_LIFE = 51724
S_CREATURE_ROTATE = 57431
S_CREST_APPLY = 31906
S_CREST_INFO = 54950
S_CREST_MESSAGE = 61792
S_DEAD_LOCATION = 28006
S_DECREASE_COOLTIME_SKILL = 57908
S_DEFEND_SUCCESS = 61298
S_DESPAWN_COLLECTION = 43446
S_DESPAWN_NPC = 28077
S_DESPAWN_USER = 48957
S_DIALOG = 64985
S_DUNGEON_COOL_TIME_LIST = 55994
S_DUNGEON_EVENT_MESSAGE = 57657
S_EACH_SKILL_RESULT = 35053
S_ENABLE_DISABLE_SELLABLE_ITEM_LIST = 22809
S_END_CHANGE_USER_APPEARANCE = 64141
S_EXIT = 33042
S_FEARMOVE_END = 63465
S_FEARMOVE_STAGE = 44978
S_FIN_INTER_PARTY_MATCH = 23004
S_FONT_SWAP_INFO = 35386
S_FRIEND_LIST = 50787
S_GACHA_END = 64705
S_GACHA_START = 51169
S_GET_USER_GUILD_LOGO = 59990
S_GET_USER_LIST = 55736
S_GRANT_SKILL = 64176
S_GUILD_NAME = 50548
S_GUILD_STORE_SELL_LIST = 24088
S_GUILD_TOWER_INFO = 48627
S_HOLD_ABNORMALITY_ADD = 49403
S_IMAGE_DATA = 37089
S_INSTANT_DASH = 54774
S_INSTANT_MOVE = 60667
S_INVEN = 57009
S_INVEN_CHANGEDSLOT = 53924
S_ITEM_CUSTOM_STRING = 52204
S_JOIN_PRIVATE_CHANNEL = 22101
S_LEAVE_PARTY = 21333
S_LEAVE_PARTY_MEMBER = 57956
S_LEAVE_PRIVATE_CHANNEL = 63657
S_LOADING_SCREEN_CONTROL_INFO = 35056
S_LOAD_CLIENT_ACCOUNT_SETTING = 27857
S_LOAD_CLIENT_USER_SETTING = 42140
S_LOAD_TOPO = 54357
S_LOGIN = 38051
S_LOGOUT_PARTY_MEMBER = 61199
S_MOUNT_VEHICLE = 39290
S_MOUNT_VEHICLE_EX = 29658
S_NOTIFY_TO_FRIENDS_WALK_INTO_SAME_AREA = 44044
S_NPC_LOCATION = 24921
S_NPC_MENU_SELECT = 32711
S_NPC_OCCUPIER_INFO = 58320
S_NPC_STATUS = 54599
S_NPC_TARGET_USER = 56609
S_OTHER_USER_APPLY_PARTY = 21092
S_PARTY_INFO = 30903
S_PARTY_MATCH_LINK = 62716
S_PARTY_MEMBER_ABNORMAL_ADD = 33117
S_PARTY_MEMBER_ABNORMAL_CLEAR = 31298
S_PARTY_MEMBER_ABNORMAL_DEL = 27286
S_PARTY_MEMBER_ABNORMAL_REFRESH = 54957
S_PARTY_MEMBER_BUFF_UPDATE = 27501
S_PARTY_MEMBER_CHANGE_HP = 29144
S_PARTY_MEMBER_CHANGE_MP = 65376
S_PARTY_MEMBER_INFO = 55347
S_PARTY_MEMBER_INTERVAL_POS_UPDATE = 44493
S_PARTY_MEMBER_LIST = 64698
S_PARTY_MEMBER_STAT_UPDATE = 41230
S_PCBANGINVENTORY_DATALIST = 51897
S_PLAYER_CHANGE_ALL_PROF = 21813
S_PLAYER_CHANGE_EXP = 31220
S_PLAYER_CHANGE_FLIGHT_ENERGY = 39987
S_PLAYER_CHANGE_MP = 35280
S_PLAYER_CHANGE_PROF = 23041
S_PLAYER_CHANGE_STAMINA = 26463
S_PLAYER_STAT_UPDATE = 53934
S_PLAY_MOVIE = 51679
S_POINT_STORE_SELL_LIST = 37178
S_PREPARE_RETURN_TO_LOBBY = 31468
S_PRIVATE_CHAT = 49267
S_PRODUCE_CRITICAL = 27204
S_QUEST_BALLOON = 51072
S_QUEST_INFO = 64149
S_REGISTER_ENCHANT_ITEM = 63020
S_REGISTER_UPGRADE_ITEM = 63143
S_REJECT_CONTRACT = 26447
S_REPLY_REQUEST_CONTRACT = 38833
S_REQUEST_CONTRACT = 44009
S_REQUEST_PRIVATE_CHANNEL_INFO = 50881
S_RESPONSE_GAMESTAT_PONG = 59380
S_RESULT_BIDDING_DICE_THROW = 42624
S_RESULT_ITEM_BIDDING = 34101
S_RETURN_TO_LOBBY = 53660
S_SHOW_HP = 58519
S_SHOW_PEGASUS_MAP = 23757
S_SKILL_LIST = 45788
S_SOCIAL = 29207
S_SPAWN_BONFIRE = 62823
S_SPAWN_COLLECTION = 44477
S_SPAWN_DOOR = 55084
S_SPAWN_DROPITEM = 26561
S_SPAWN_ME = 39026
S_SPAWN_NPC = 44101
S_SPAWN_PROJECTILE = 25139
S_SPAWN_SHUTTLE = 51928
S_SPAWN_USER = 26206
S_SPAWN_WORKOBJECT = 33509
S_START_CHANGE_USER_APPEARANCE = 44787
S_START_COOLTIME_ITEM = 57238
S_START_COOLTIME_SKILL = 41995
S_START_PRODUCE = 21041
S_START_USER_PROJECTILE = 22630
S_STORE_SELL_LIST = 29883
S_SUCCESS_COUNTER = 42710
S_SYSTEM_MESSAGE = 62414
S_SYSTEM_MESSAGE_LOOT_ITEM = 23579
S_SYSTEM_MESSAGE_LOOT_SPECIAL_ITEM = 62488
S_TARGET_INFO = 37844
S_TELEPORT_TO_CAMP = 25882
S_TRADE_BROKER_DEAL_INFO_UPDATE = 42768
S_TRADE_BROKER_DEAL_SUGGESTED = 54523
S_TRADE_BROKER_REQUEST_DEAL_RESULT = 58642
S_TRADE_BROKER_SUGGEST_DEAL = 23439
S_TRADE_BROKER_WAITING_ITEM_LIST = 21165
S_UNICAST_TRANSFORM_DATA = 48588
S_UNMOUNT_VEHICLE = 60208
S_UNMOUNT_VEHICLE_EX = 21073
S_UPDATE_ACHIEVEMENT_PROGRESS = 60337
S_UPDATE_FRIEND_INFO = 37623
S_UPDATE_NPCGUILD = 28568
S_UPDATE_PRODUCE = 56470
S_USER_BLOCK_LIST = 60921
S_USER_EFFECT = 57153
S_USER_EXTERNAL_CHANGE = 48495
S_USER_LEVELUP = 40475
S_USER_LOCATION = 62247
S_USER_LOCATION_IN_ACTION = 50026
S_USER_SITUATION = 34529
S_USER_STATUS = 61055
S_VISIT_NEW_SECTION = 36753
S_WEAK_POINT = 45447
S_WHISPER = 28564
