C_ADMIN = 27598
C_ASK_INTERACTIVE = 49136
C_BIND_ITEM_BEGIN_PROGRESS = 49802
C_BIND_ITEM_EXECUTE = 31065
C_BLOCK_USER = 34876
C_CANCEL_CHANGE_USER_APPEARANCE = 21516
C_CANCEL_CONTRACT = 35578
C_CANCEL_SKILL = 36097
C_CAN_LOCKON_TARGET = 43700
C_CHANGE_PARTY_MANAGER = 46086
C_CHANGE_PARTY_MEMBER_AUTHORITY = 45035
C_CHAT = 65515
C_CHECK_VERSION = 19900
C_COMMIT_CHANGE_USER_APPEARANCE = 27873
C_COMPLETE_DAILY_EVENT = 54840
C_COMPLETE_EXTRA_EVENT = 38850
C_CREST_APPLY = 45761
C_CREST_APPLY_LIST = 41207
C_DELETE_FRIEND = 27217
C_DIALOG = 24387
C_END_MOVIE = 21875
C_GACHA_TRY = 37902
C_GET_USER_LIST = 44671
C_INVITE_USER_TO_GUILD = 34883
C_LEAVE_PRIVATE_CHANNEL = 60016
C_LOAD_TOPO_FIN = 53617
C_LOGIN_ARBITER = 49108
C_NOTIFY_LOCATION_IN_ACTION = 25623
C_NOTIFY_LOCATION_IN_DASH = 62986
C_NOTIMELINE_SKILL = 63101
C_NPC_CONTACT = 30942
C_OP_COMMAND = 35594
C_PARTY_APPLICATION_DENIED = 52937
C_PCBANGINVENTORY_USE_SLOT = 46254
C_PLAYER_FLYING_LOCATION = 48753
C_PLAYER_LOCATION = 47931
C_PRESS_SKILL = 55095
C_REGISTER_ENCHANT_ITEM = 26955
C_REGISTER_UPGRADE_ITEM = 25647
C_REMOVE_BLOCKED_USER = 33044
C_REPLY_THROUGH_ARBITER_CONTRACT = 26426
C_REQUEST_CONTRACT = 44401
C_REQUEST_ENCHANT = 52059
C_REQUEST_GAMESTAT_PING = 40438
C_REQUEST_NONDB_ITEM_INFO = 62805
C_REQUEST_PARTY_INFO = 49811
C_REQUEST_PRIVATE_CHANNEL_INFO = 53347
C_REQUEST_UPGRADE = 58380
C_REQUEST_USER_PAPERDOLL_INFO = 43018
C_RESET_ALL_DUNGEON = 51833
C_RETURN_TO_LOBBY = 38764
C_REVIVE_NOW = 44599
C_SAVE_CLIENT_ACCOUNT_SETTING = 39312
C_SAVE_CLIENT_USER_SETTING = 48776
C_SELECT_USER = 32659
C_SHOW_INVEN = 38742
C_SHOW_ITEM_TOOLTIP_EX = 61927
C_SOCIAL = 33002
C_START_COMBO_INSTANT_SKILL = 64465
C_START_ENCHANT = 60165
C_START_INSTANCE_SKILL = 32161
C_START_INSTANCE_SKILL_EX = 49933
C_START_PRODUCE = 51018
C_START_SKILL = 34736
C_START_TARGETED_SKILL = 44750
C_START_UPGRADE = 41532
C_TRADE_BROKER_BUY_IT_NOW = 40183
C_TRADE_BROKER_DEAL_CONFIRM = 20954
C_TRADE_BROKER_REJECT_SUGGEST = 20583
C_TRADE_BROKER_SUGGEST_DEAL = 31744
C_TRADE_BROKER_WAITING_ITEM_LIST_NEW = 41204
C_TRADE_BROKER_WAITING_ITEM_LIST_PAGE = 38627
C_TRY_LOOT_DROPITEM = 27102
C_UNREGISTER_ENCHANT_ITEM = 33329
C_UNREGISTER_UPGRADE_ITEM = 46536
C_USE_ITEM = 47469
C_VISIT_NEW_SECTION = 47526
C_WHISPER = 53610
S_ABNORMALITY_BEGIN = 23789
S_ABNORMALITY_DAMAGE_ABSORB = 49141
S_ABNORMALITY_END = 55645
S_ABNORMALITY_FAIL = 48521
S_ABNORMALITY_REFRESH = 33230
S_ACCEPT_CONTRACT = 56502
S_ACCOMPLISH_ACHIEVEMENT = 21929
S_ACCOUNT_PACKAGE_LIST = 48273
S_ACTION_END = 43750
S_ACTION_STAGE = 38958
S_ADMIN_HOLD_CHARACTER = 49660
S_AERO = 31286
S_AIR_REACTION_END = 51531
S_ANSWER_INTERACTIVE = 26254
S_AVAILABLE_EVENT_MATCHING_LIST = 25528
S_BAN_PARTY = 59453
S_BAN_PARTY_MEMBER = 48987
S_BATTLE_FIELD_ENTRANCE_INFO = 41588
S_BATTLE_FIELD_POINT_STORE_SELL_LIST = 55474
S_BEGIN_THROUGH_ARBITER_CONTRACT = 51227
S_BOSS_GAGE_INFO = 32406
S_CANCEL_CONTRACT = 58565
S_CANNOT_START_SKILL = 41554
S_CAN_LOCKON_TARGET = 21836
S_CHANGE_DESTPOS_PROJECTILE = 21837
S_CHANGE_PARTY_MANAGER = 50906
S_CHANGE_VOICE_USE_QAC = 25062
S_CHAT = 45790
S_CHECK_TO_READY_PARTY = 50519
S_CHECK_TO_READY_PARTY_FIN = 39560
S_CHECK_VERSION = 19901
S_CLEAR_ALL_HOLDED_ABNORMALITY = 48248
S_COLLECTION_PICKEND = 27466
S_COMPLETE_EVENT_MATCHING_QUEST = 25723
S_CREATURE_CHANGE_HP = 23363
S_CREATURE_LIFE = 22929
S_CREATURE_ROTATE = 42153
S_CREST_APPLY = 24181
S_CREST_INFO = 61661
S_CREST_MESSAGE = 44935
S_CURRENT_CHANNEL = 57873
S_DEAD_LOCATION = 32201
S_DECREASE_COOLTIME_SKILL = 41917
S_DEFEND_SUCCESS = 37091
S_DESPAWN_BONFIRE = 33986
S_DESPAWN_BUILD_OBJECT = 61029
S_DESPAWN_COLLECTION = 43283
S_DESPAWN_DROPITEM = 33076
S_DESPAWN_NPC = 40169
S_DESPAWN_USER = 24467
S_DIALOG = 45235
S_DUNGEON_CAMERA_SET = 29862
S_DUNGEON_COOL_TIME_LIST = 61050
S_DUNGEON_EVENT_MESSAGE = 57627
S_EACH_SKILL_RESULT = 39366
S_ENABLE_DISABLE_SELLABLE_ITEM_LIST = 27481
S_END_CHANGE_USER_APPEARANCE = 47441
S_EXIT = 61780
S_FEARMOVE_END = 64126
S_FEARMOVE_STAGE = 40298
S_FIN_INTER_PARTY_MATCH = 33021
S_FONT_SWAP_INFO = 32425
S_FRIEND_LIST = 64511
S_GACHA_END = 61494
S_GACHA_START = 52206
S_GET_USER_GUILD_LOGO = 61583
S_GET_USER_LIST = 48261
S_GRANT_SKILL = 41353
S_GUILD_NAME = 26072
S_GUILD_STORE_SELL_LIST = 31117
S_GUILD_TOWER_INFO = 25266
S_HOLD_ABNORMALITY_ADD = 62253
S_IMAGE_DATA = 31684
S_INSTANT_DASH = 21719
S_INSTANT_MOVE = 51313
S_INVEN = 58908
S_INVEN_CHANGEDSLOT = 45941
S_ITEM_CUSTOM_STRING = 37331
S_JOIN_PRIVATE_CHANNEL = 25079
S_LEAVE_PARTY = 29688
S_LEAVE_PARTY_MEMBER = 20059
S_LEAVE_PRIVATE_CHANNEL = 56453
S_LOADING_SCREEN_CONTROL_INFO = 63436
S_LOAD_CLIENT_ACCOUNT_SETTING = 57685
S_LOAD_CLIENT_USER_SETTING = 33474
S_LOAD_TOPO = 40997
S_LOGIN = 58750
S_LOGOUT_PARTY_MEMBER = 21694
S_MOUNT_VEHICLE = 50345
S_MOUNT_VEHICLE_EX = 31785
S_NOTIFY_TO_FRIENDS_WALK_INTO_SAME_AREA = 49243
S_NPC_LOCATION = 21575
S_NPC_MENU_SELECT = 59577
S_NPC_OCCUPIER_INFO = 61424
S_NPC_STATUS = 55591
S_NPC_TARGET_USER = 62251
S_OPEN_AWESOMIUM_WEB_URL = 62047
S_OTHER_USER_APPLY_PARTY = 65114
S_PARTY_INFO = 60659
S_PARTY_MATCH_LINK = 36533
S_PARTY_MEMBER_ABNORMAL_ADD = 35436
S_PARTY_MEMBER_ABNORMAL_CLEAR = 63912
S_PARTY_MEMBER_ABNORMAL_DEL = 37115
S_PARTY_MEMBER_ABNORMAL_REFRESH = 63002
S_PARTY_MEMBER_BUFF_UPDATE = 33290
S_PARTY_MEMBER_CHANGE_HP = 55286
S_PARTY_MEMBER_CHANGE_MP = 30987
S_PARTY_MEMBER_INFO = 31750
S_PARTY_MEMBER_INTERVAL_POS_UPDATE = 35202
S_PARTY_MEMBER_LIST = 22478
S_PARTY_MEMBER_STAT_UPDATE = 27966
S_PCBANGINVENTORY_DATALIST = 40404
S_PLAYER_CHANGE_ALL_PROF = 63470
S_PLAYER_CHANGE_EXP = 39644
S_PLAYER_CHANGE_FLIGHT_ENERGY = 59226
S_PLAYER_CHANGE_MP = 37494
S_PLAYER_CHANGE_PROF = 33727
S_PLAYER_CHANGE_STAMINA = 26163
S_PLAYER_STAT_UPDATE = 25391
S_PLAY_MOVIE = 51527
S_POINT_STORE_SELL_LIST = 27422
S_PREPARE_RETURN_TO_LOBBY = 31053
S_PRIVATE_CHAT = 31259
S_PRODUCE_CRITICAL = 53981
S_QUEST_BALLOON = 57269
S_QUEST_INFO = 58679
S_REGISTER_ENCHANT_ITEM = 49279
S_REGISTER_UPGRADE_ITEM = 22341
S_REJECT_CONTRACT = 38097
S_REPLY_REQUEST_CONTRACT = 55337
S_REQUEST_CONTRACT = 52243
S_REQUEST_PRIVATE_CHANNEL_INFO = 61447
S_RESPONSE_GAMESTAT_PONG = 47991
S_RESULT_BIDDING_DICE_THROW = 43329
S_RESULT_ITEM_BIDDING = 65386
S_RETURN_TO_LOBBY = 54560
S_SHOW_AWESOMIUMWEB_SHOP = 56652
S_SHOW_HP = 34574
S_SHOW_PCBANG_ICON = 56615
S_SHOW_PEGASUS_MAP = 46333
S_SKILL_LIST = 42770
S_SOCIAL = 29023
S_SPAWN_BONFIRE = 29366
S_SPAWN_BUILD_OBJECT = 62018
S_SPAWN_COLLECTION = 65199
S_SPAWN_DOOR = 48713
S_SPAWN_DROPITEM = 33571
S_SPAWN_ME = 51458
S_SPAWN_NPC = 33211
S_SPAWN_PROJECTILE = 29345
S_SPAWN_SHUTTLE = 59839
S_SPAWN_USER = 57615
S_SPAWN_WORKOBJECT = 49928
S_START_ACTION_SCRIPT = 42762
S_START_CHANGE_USER_APPEARANCE = 48406
S_START_COOLTIME_ITEM = 58536
S_START_COOLTIME_SKILL = 26838
S_START_PRODUCE = 24204
S_START_USER_PROJECTILE = 61161
S_STORE_SELL_LIST = 49018
S_SUCCESS_COUNTER = 42068
S_SYSTEM_MESSAGE = 24570
S_SYSTEM_MESSAGE_LOOT_ITEM = 53696
S_SYSTEM_MESSAGE_LOOT_SPECIAL_ITEM = 34599
S_TARGET_INFO = 25198
S_TELEPORT_TO_CAMP = 58099
S_TRADE_BROKER_DEAL_INFO_UPDATE = 62914
S_TRADE_BROKER_DEAL_SUGGESTED = 37001
S_TRADE_BROKER_REQUEST_DEAL_RESULT = 32617
S_TRADE_BROKER_SUGGEST_DEAL = 27755
S_TRADE_BROKER_WAITING_ITEM_LIST = 62860
S_UNICAST_TRANSFORM_DATA = 41976
S_UNMOUNT_VEHICLE = 43133
S_UNMOUNT_VEHICLE_EX = 28921
S_UPDATE_ACHIEVEMENT_PROGRESS = 41571
S_UPDATE_FRIEND_INFO = 47557
S_UPDATE_NPCGUILD = 63705
S_UPDATE_PRODUCE = 20909
S_USER_BLOCK_LIST = 21384
S_USER_EFFECT = 35267
S_USER_EXTERNAL_CHANGE = 20357
S_USER_LEVELUP = 42179
S_USER_LOCATION = 44304
S_USER_LOCATION_IN_ACTION = 50609
S_USER_SITUATION = 29813
S_USER_STATUS = 49949
S_VISIT_NEW_SECTION = 39034
S_WEAK_POINT = 48623
S_WHISPER = 32313
