C_ASK_INTERACTIVE = 37848
C_BIND_ITEM_BEGIN_PROGRESS = 58239
C_BIND_ITEM_EXECUTE = 20201
C_BLOCK_USER = 64976
C_CANCEL_CHANGE_USER_APPEARANCE = 41116
C_CANCEL_CONTRACT = 38904
C_CANCEL_SKILL = 65057
C_CAN_LOCKON_TARGET = 31377
C_CHANGE_PARTY_MANAGER = 33552
C_CHANGE_PARTY_MEMBER_AUTHORITY = 48432
C_CHAT = 40487
C_CHECK_VERSION = 19900
C_COMMIT_CHANGE_USER_APPEARANCE = 64329
C_CREST_APPLY = 20440
C_CREST_APPLY_LIST = 32869
C_DELETE_FRIEND = 57793
C_DIALOG = 54849
C_END_MOVIE = 57544
C_GACHA_TRY = 43213
C_GET_USER_LIST = 27639
C_INVITE_USER_TO_GUILD = 55690
C_LEAVE_PRIVATE_CHANNEL = 59508
C_LOAD_TOPO_FIN = 54263
C_LOGIN_ARBITER = 58784
C_NOTIFY_LOCATION_IN_ACTION = 42374
C_NOTIFY_LOCATION_IN_DASH = 52656
C_NOTIMELINE_SKILL = 50988
C_NPC_CONTACT = 48591
C_PARTY_APPLICATION_DENIED = 61601
C_PCBANGINVENTORY_USE_SLOT = 62934
C_PLAYER_LOCATION = 45985
C_PRESS_SKILL = 61814
C_REGISTER_ENCHANT_ITEM = 20323
C_REGISTER_UPGRADE_ITEM = 54303
C_REMOVE_BLOCKED_USER = 24115
C_REPLY_THROUGH_ARBITER_CONTRACT = 57702
C_REQUEST_CONTRACT = 43193
C_REQUEST_ENCHANT = 50998
C_REQUEST_GAMESTAT_PING = 26621
C_REQUEST_NONDB_ITEM_INFO = 33179
C_REQUEST_PARTY_INFO = 31042
C_REQUEST_PRIVATE_CHANNEL_INFO = 54206
C_REQUEST_UPGRADE = 61611
C_REQUEST_USER_PAPERDOLL_INFO = 56206
C_RESET_ALL_DUNGEON = 30584
C_RETURN_TO_LOBBY = 41501
C_REVIVE_NOW = 51326
C_SAVE_CLIENT_ACCOUNT_SETTING = 21231
C_SAVE_CLIENT_USER_SETTING = 34537
C_SELECT_USER = 56300
C_SHOW_INVEN = 35775
C_SHOW_ITEM_TOOLTIP_EX = 47214
C_SOCIAL = 60117
C_START_COMBO_INSTANT_SKILL = 39432
C_START_ENCHANT = 50326
C_START_INSTANCE_SKILL = 34914
C_START_INSTANCE_SKILL_EX = 24650
C_START_PRODUCE = 33228
C_START_SKILL = 55157
C_START_TARGETED_SKILL = 65151
C_START_UPGRADE = 51399
C_TRADE_BROKER_BUY_IT_NOW = 49190
C_TRADE_BROKER_DEAL_CONFIRM = 30891
C_TRADE_BROKER_REJECT_SUGGEST = 30467
C_TRADE_BROKER_SUGGEST_DEAL = 44386
C_TRADE_BROKER_WAITING_ITEM_LIST_NEW = 60547
C_TRADE_BROKER_WAITING_ITEM_LIST_PAGE = 34890
C_UNREGISTER_ENCHANT_ITEM = 47931
C_UNREGISTER_UPGRADE_ITEM = 38312
C_USE_ITEM = 45270
C_VISIT_NEW_SECTION = 49337
C_WHISPER = 52639
S_ABNORMALITY_BEGIN = 29788
S_ABNORMALITY_DAMAGE_ABSORB = 58124
S_ABNORMALITY_END = 36016
S_ABNORMALITY_FAIL = 58622
S_ABNORMALITY_REFRESH = 34002
S_ACCEPT_CONTRACT = 31374
S_ACCOMPLISH_ACHIEVEMENT = 43086
S_ACCOUNT_PACKAGE_LIST = 35176
S_ACTION_END = 38285
S_ACTION_STAGE = 21798
S_ADMIN_HOLD_CHARACTER = 56599
S_AERO = 21858
S_ANSWER_INTERACTIVE = 50089
S_AVAILABLE_EVENT_MATCHING_LIST = 56272
S_BAN_PARTY = 35382
S_BAN_PARTY_MEMBER = 24356
S_BATTLE_FIELD_ENTRANCE_INFO = 35264
S_BATTLE_FIELD_POINT_STORE_SELL_LIST = 24760
S_BEGIN_THROUGH_ARBITER_CONTRACT = 54543
S_BOSS_GAGE_INFO = 44445
S_CANCEL_CONTRACT = 34804
S_CANNOT_START_SKILL = 57558
S_CAN_LOCKON_TARGET = 44366
S_CHANGE_DESTPOS_PROJECTILE = 54646
S_CHANGE_PARTY_MANAGER = 20832
S_CHANGE_VOICE_USE_QAC = 42250
S_CHAT = 45586
S_CHECK_TO_READY_PARTY = 60836
S_CHECK_TO_READY_PARTY_FIN = 57847
S_CHECK_VERSION = 19901
S_CLEAR_ALL_HOLDED_ABNORMALITY = 50230
S_COLLECTION_PICKEND = 54730
S_CREATURE_CHANGE_HP = 59364
S_CREATURE_LIFE = 51462
S_CREATURE_ROTATE = 26544
S_CREST_APPLY = 50697
S_CREST_INFO = 63600
S_CREST_MESSAGE = 26810
S_CURRENT_CHANNEL = 51274
S_DEAD_LOCATION = 34488
S_DECREASE_COOLTIME_SKILL = 47488
S_DEFEND_SUCCESS = 41382
S_DESPAWN_COLLECTION = 46435
S_DESPAWN_DROPITEM = 52841
S_DESPAWN_NPC = 54967
S_DESPAWN_USER = 49515
S_DIALOG = 31307
S_DUNGEON_COOL_TIME_LIST = 35140
S_DUNGEON_EVENT_MESSAGE = 28196
S_EACH_SKILL_RESULT = 30244
S_ENABLE_DISABLE_SELLABLE_ITEM_LIST = 30578
S_END_CHANGE_USER_APPEARANCE = 25989
S_EXIT = 34704
S_FEARMOVE_END = 62708
S_FEARMOVE_STAGE = 22191
S_FIN_INTER_PARTY_MATCH = 49562
S_FONT_SWAP_INFO = 60718
S_FRIEND_LIST = 49361
S_GACHA_END = 29140
S_GACHA_START = 58454
S_GET_USER_GUILD_LOGO = 43553
S_GET_USER_LIST = 47616
S_GRANT_SKILL = 34414
S_GUILD_NAME = 43675
S_GUILD_STORE_SELL_LIST = 51762
S_GUILD_TOWER_INFO = 47978
S_HOLD_ABNORMALITY_ADD = 41989
S_IMAGE_DATA = 40806
S_INSTANT_DASH = 30063
S_INSTANT_MOVE = 25531
S_INVEN = 60156
S_INVEN_CHANGEDSLOT = 60926
S_ITEM_CUSTOM_STRING = 63862
S_JOIN_PRIVATE_CHANNEL = 31043
S_LEAVE_PARTY = 45173
S_LEAVE_PARTY_MEMBER = 62449
S_LEAVE_PRIVATE_CHANNEL = 20951
S_LOADING_SCREEN_CONTROL_INFO = 48893
S_LOAD_CLIENT_ACCOUNT_SETTING = 44361
S_LOAD_CLIENT_USER_SETTING = 25714
S_LOAD_TOPO = 45032
S_LOGIN = 51105
S_LOGOUT_PARTY_MEMBER = 27796
S_MOUNT_VEHICLE = 32009
S_MOUNT_VEHICLE_EX = 21676
S_NOTIFY_TO_FRIENDS_WALK_INTO_SAME_AREA = 55819
S_NPC_LOCATION = 22861
S_NPC_MENU_SELECT = 30000
S_NPC_OCCUPIER_INFO = 48514
S_NPC_STATUS = 22941
S_NPC_TARGET_USER = 44812
S_OPEN_AWESOMIUM_WEB_URL = 53332
S_OTHER_USER_APPLY_PARTY = 30276
S_PARTY_INFO = 48732
S_PARTY_MATCH_LINK = 39221
S_PARTY_MEMBER_ABNORMAL_ADD = 28090
S_PARTY_MEMBER_ABNORMAL_CLEAR = 29290
S_PARTY_MEMBER_ABNORMAL_DEL = 64713
S_PARTY_MEMBER_ABNORMAL_REFRESH = 20861
S_PARTY_MEMBER_BUFF_UPDATE = 40600
S_PARTY_MEMBER_CHANGE_HP = 50140
S_PARTY_MEMBER_CHANGE_MP = 55137
S_PARTY_MEMBER_INFO = 27653
S_PARTY_MEMBER_INTERVAL_POS_UPDATE = 32697
S_PARTY_MEMBER_LIST = 60897
S_PARTY_MEMBER_STAT_UPDATE = 47553
S_PCBANGINVENTORY_DATALIST = 48556
S_PLAYER_CHANGE_ALL_PROF = 43016
S_PLAYER_CHANGE_EXP = 51584
S_PLAYER_CHANGE_FLIGHT_ENERGY = 53832
S_PLAYER_CHANGE_MP = 25886
S_PLAYER_CHANGE_PROF = 51628
S_PLAYER_CHANGE_STAMINA = 23741
S_PLAYER_STAT_UPDATE = 27818
S_PLAY_MOVIE = 26954
S_POINT_STORE_SELL_LIST = 50192
S_PREPARE_RETURN_TO_LOBBY = 43411
S_PRIVATE_CHAT = 37700
S_PRODUCE_CRITICAL = 32411
S_QUEST_BALLOON = 58947
S_QUEST_INFO = 49656
S_REGISTER_ENCHANT_ITEM = 27732
S_REGISTER_UPGRADE_ITEM = 48684
S_REJECT_CONTRACT = 31240
S_REPLY_REQUEST_CONTRACT = 35347
S_REQUEST_CONTRACT = 39311
S_REQUEST_PRIVATE_CHANNEL_INFO = 32702
S_RESPONSE_GAMESTAT_PONG = 50519
S_RESULT_BIDDING_DICE_THROW = 24966
S_RESULT_ITEM_BIDDING = 47150
S_RETURN_TO_LOBBY = 30978
S_SHOW_HP = 42484
S_SHOW_PCBANG_ICON = 58522
S_SHOW_PEGASUS_MAP = 48929
S_SKILL_LIST = 42224
S_SOCIAL = 46442
S_SPAWN_BONFIRE = 33740
S_SPAWN_COLLECTION = 46713
S_SPAWN_DOOR = 35516
S_SPAWN_DROPITEM = 36967
S_SPAWN_ME = 50102
S_SPAWN_NPC = 64137
S_SPAWN_PROJECTILE = 49280
S_SPAWN_SHUTTLE = 64835
S_SPAWN_USER = 54280
S_SPAWN_WORKOBJECT = 35019
S_START_CHANGE_USER_APPEARANCE = 32777
S_START_COOLTIME_ITEM = 56169
S_START_COOLTIME_SKILL = 63409
S_START_PRODUCE = 46740
S_START_USER_PROJECTILE = 30589
S_STORE_SELL_LIST = 26961
S_SUCCESS_COUNTER = 57059
S_SYSTEM_MESSAGE = 61794
S_SYSTEM_MESSAGE_LOOT_ITEM = 58285
S_SYSTEM_MESSAGE_LOOT_SPECIAL_ITEM = 28415
S_TARGET_INFO = 28442
S_TELEPORT_TO_CAMP = 30976
S_TRADE_BROKER_DEAL_INFO_UPDATE = 41567
S_TRADE_BROKER_DEAL_SUGGESTED = 27604
S_TRADE_BROKER_REQUEST_DEAL_RESULT = 55445
S_TRADE_BROKER_SUGGEST_DEAL = 28994
S_TRADE_BROKER_WAITING_ITEM_LIST = 44146
S_UNICAST_TRANSFORM_DATA = 46288
S_UNMOUNT_VEHICLE = 40206
S_UNMOUNT_VEHICLE_EX = 54729
S_UPDATE_ACHIEVEMENT_PROGRESS = 59665
S_UPDATE_FRIEND_INFO = 35750
S_UPDATE_NPCGUILD = 47230
S_UPDATE_PRODUCE = 36895
S_USER_BLOCK_LIST = 21750
S_USER_EFFECT = 47729
S_USER_EXTERNAL_CHANGE = 33822
S_USER_LEVELUP = 30033
S_USER_LOCATION = 51915
S_USER_LOCATION_IN_ACTION = 31503
S_USER_SITUATION = 63130
S_USER_STATUS = 29881
S_VISIT_NEW_SECTION = 32057
S_WEAK_POINT = 51464
S_WHISPER = 44693
